
======================================================
HYBRID-DGSEM ALPHA POLICY TRAINING (one-step reward RL)
======================================================

  P=6  N=50  T=0.4  dt=0.0001
  sample stride=25  lambda=0.08
  candidates: 11 values in [0,1]
  output model: alpha_hybrid.nn

STEP 1: Generating trajectory and optimal-alpha labels...
  Captured 160 snapshots -> 8000 training samples (7 features each)

  Label histogram (alpha -> count):
    0 : 7931
    0.1 : 69
    0.2 : 0
    0.3 : 0
    0.4 : 0
    0.5 : 0
    0.6 : 0
    0.7 : 0
    0.8 : 0
    0.9 : 0
    1 : 0

STEP 2: Training policy network...
  Architecture: ReLU(7->32) -> ReLU(32->32) -> Sigmoid(32->1)

Epoch 0  loss: 0.205983
Epoch 100  loss: 0.170916
Epoch 200  loss: 0.145895
Epoch 300  loss: 0.126517
Epoch 400  loss: 0.110442
Epoch 500  loss: 0.0970182
Epoch 600  loss: 0.0857798
Epoch 700  loss: 0.0763301
Epoch 800  loss: 0.0682107
Epoch 900  loss: 0.0612165
Epoch 1000  loss: 0.0551781
Epoch 1100  loss: 0.0499449
Epoch 1200  loss: 0.0453906
Epoch 1300  loss: 0.041447
Epoch 1400  loss: 0.038014
Epoch 1500  loss: 0.0349819
Epoch 1600  loss: 0.0322947
Epoch 1700  loss: 0.0299053
Epoch 1800  loss: 0.0277738
Epoch 1900  loss: 0.025866
Epoch 2000  loss: 0.0241737
Epoch 2100  loss: 0.0226685
Epoch 2200  loss: 0.0213164
Epoch 2300  loss: 0.0200962
Epoch 2400  loss: 0.0189812
Epoch 2500  loss: 0.0179599
Epoch 2600  loss: 0.0170224
Epoch 2700  loss: 0.0161601
Epoch 2800  loss: 0.0153663
Epoch 2900  loss: 0.0146329
Epoch 3000  loss: 0.013954
Epoch 3100  loss: 0.0133242
Epoch 3200  loss: 0.0127391
Epoch 3300  loss: 0.0121944
Epoch 3400  loss: 0.0116865
Epoch 3500  loss: 0.0112123
Epoch 3600  loss: 0.0107686
Epoch 3700  loss: 0.0103531
Epoch 3800  loss: 0.00996325
Epoch 3900  loss: 0.00959703
Epoch 4000  loss: 0.00925253

✓ Model saved to: alpha_hybrid.nn
======================================================
