Jax plugin configuration error: Exception when calling jax_plugins.xla_cuda12.initialize()
Traceback (most recent call last):
  File "/home/lgd25/Desktop/MSc/Spectral/.venv_spectral/lib/python3.13/site-packages/jax/_src/xla_bridge.py", line 508, in discover_pjrt_plugins
    plugin_module.initialize()
    ~~~~~~~~~~~~~~~~~~~~~~~~^^
  File "/home/lgd25/Desktop/MSc/Spectral/.venv_spectral/lib/python3.13/site-packages/jax_plugins/xla_cuda12/__init__.py", line 370, in initialize
    _check_cuda_versions(raise_on_first_error = True)
    ~~~~~~~~~~~~~~~~~~~~^^^^^^^^^^^^^^^^^^^^^^^^^^^^^
  File "/home/lgd25/Desktop/MSc/Spectral/.venv_spectral/lib/python3.13/site-packages/jax_plugins/xla_cuda12/__init__.py", line 274, in _check_cuda_versions
    for d in range(cuda_versions.cuda_device_count())
                   ~~~~~~~~~~~~~~~~~~~~~~~~~~~~~~~^^
RuntimeError: jaxlib/cuda/versions_helpers.cc:135: operation cuInit(0) failed: Unknown CUDA error 303; cuGetErrorName failed. This probably means that JAX was unable to load the CUDA libraries.
E0828 15:45:42.976538 1244804 slow_operation_alarm.cc:73] 
********************************
[Compiling module jit_train_step for CPU] Very slow compile? If you want to file a bug, run with envvar XLA_FLAGS=--xla_dump_to=/tmp/foo and attach the results.
********************************
E0828 15:46:20.359809 1244802 slow_operation_alarm.cc:140] The operation took 2m37.383343408s

********************************
[Compiling module jit_train_step for CPU] Very slow compile? If you want to file a bug, run with envvar XLA_FLAGS=--xla_dump_to=/tmp/foo and attach the results.
********************************
config (from nn/training/benchmark/opno_search/full/W64_D1_OH64_OC64_FH64_P8/model_meta.json): TrainConfig(P=8, n_elem=32, xL=0.0, xR=1.0, muscl_cells_per_elem=64, muscl_substeps=4, dt=9.765625e-05, rollout_steps=512, alpha_max=1.0, alpha_diffuse=False, w_osc=1e-05, w_acc=1.0, w_alpha=1e-05, proj_pts_per_elem=64, epochs=250, K=48, batches_per_epoch=20, batch_size=8, lr=0.0003, bool_constant_lr=True, grad_clip=1.0, grad_skip_norm=1000.0, bptt_window=256, seed=5, n_fourier_modes=12, ic_amp=0.4, vel_modes=3, shock_time_fraction=0.5, model_type='opno', alpha_init=0.001, pretrain_epochs=1000, pretrain_lr=0.0003, pretrain_target_mse=0.01, width=64, bool_res=True, kernel_size=9, depth=1, precondition=True, opno_hidden=64, opno_channels=64, fusion_hidden=64, n_val=3, plot_every=25, checkpoint_dir='nn/training/checkpoints_W64_D1_OH64_OC64_FH64_P8')
[pretrain] 1566 PP states, imitating PP for up to 1000 epochs (early stop at MSE 1.0e-02)
[pretrain] epoch   0: MSE 1.703e-01
[pretrain] epoch   9: MSE 9.492e-03 < 1.0e-02 target -- early stop
epoch   0: train 5.104462e+02   val 4.698699e+02   [C_osc 3.721e+07  C_acc 9.778e+01  C_alpha 2.859e+03  alpha mean 0.046 max 0.998]  iface[0.046..0.047]  *best*  (skipped 2 guarded)
epoch   1: train 4.707947e+02   val 4.628867e+02   [C_osc 3.677e+07  C_acc 9.511e+01  C_alpha 3.295e+03  alpha mean 0.046 max 1.000]  iface[0.043..0.052]  *best*  (skipped 6 guarded)
epoch   2: train 4.711883e+02   val 4.514450e+02   [C_osc 3.697e+07  C_acc 8.173e+01  C_alpha 3.043e+03  alpha mean 0.042 max 1.000]  iface[0.038..0.054]  *best*  (skipped 3 guarded)
epoch   3: train 4.652543e+02   val 4.523224e+02   [C_osc 3.706e+07  C_acc 8.172e+01  C_alpha 3.418e+03  alpha mean 0.045 max 1.000]  iface[0.038..0.066]  (skipped 9 guarded)
epoch   4: train 4.903087e+02   val 4.493355e+02   [C_osc 3.679e+07  C_acc 8.139e+01  C_alpha 3.189e+03  alpha mean 0.043 max 1.000]  iface[0.039..0.054]  *best*  (skipped 4 guarded)
epoch   5: train 4.674947e+02   val 4.469585e+02   [C_osc 3.672e+07  C_acc 7.973e+01  C_alpha 3.077e+03  alpha mean 0.041 max 1.000]  iface[0.038..0.048]  *best*  (skipped 3 guarded)
epoch   6: train 4.686489e+02   val 4.457686e+02   [C_osc 3.702e+07  C_acc 7.554e+01  C_alpha 3.288e+03  alpha mean 0.043 max 1.000]  iface[0.037..0.056]  *best*  (skipped 7 guarded)
epoch   7: train 4.489998e+02   val 4.449162e+02   [C_osc 3.688e+07  C_acc 7.607e+01  C_alpha 3.166e+03  alpha mean 0.041 max 1.000]  iface[0.036..0.054]  *best*  (skipped 10 guarded)
epoch   8: train 4.608297e+02   val 4.455968e+02   [C_osc 3.735e+07  C_acc 7.206e+01  C_alpha 2.972e+03  alpha mean 0.040 max 1.000]  iface[0.034..0.055]  (skipped 3 guarded)
epoch   9: train 4.353097e+02   val 4.462033e+02   [C_osc 3.689e+07  C_acc 7.725e+01  C_alpha 3.510e+03  alpha mean 0.046 max 1.000]  iface[0.040..0.059]  (skipped 5 guarded)
epoch  10: train 4.509348e+02   val 4.456202e+02   [C_osc 3.676e+07  C_acc 7.796e+01  C_alpha 3.818e+03  alpha mean 0.048 max 1.000]  iface[0.042..0.061]  (skipped 5 guarded)
epoch  11: train 4.527180e+02   val 4.432658e+02   [C_osc 3.699e+07  C_acc 7.336e+01  C_alpha 3.972e+03  alpha mean 0.049 max 1.000]  iface[0.042..0.062]  *best*  (skipped 5 guarded)
epoch  12: train 4.321497e+02   val 4.439548e+02   [C_osc 3.706e+07  C_acc 7.333e+01  C_alpha 3.490e+03  alpha mean 0.044 max 1.000]  iface[0.038..0.056]  (skipped 6 guarded)
epoch  13: train 4.725749e+02   val 4.434767e+02   [C_osc 3.737e+07  C_acc 6.978e+01  C_alpha 3.143e+03  alpha mean 0.042 max 0.998]  iface[0.039..0.048]  (skipped 7 guarded)
epoch  14: train 4.494099e+02   val 4.424229e+02   [C_osc 3.680e+07  C_acc 7.434e+01  C_alpha 3.681e+03  alpha mean 0.047 max 0.999]  iface[0.042..0.053]  *best*
epoch  15: train 4.335627e+02   val 4.488596e+02   [C_osc 3.651e+07  C_acc 8.374e+01  C_alpha 3.281e+03  alpha mean 0.043 max 0.996]  iface[0.038..0.047]  (skipped 10 guarded)
epoch  16: train 4.279701e+02   val 4.425845e+02   [C_osc 3.740e+07  C_acc 6.852e+01  C_alpha 3.033e+03  alpha mean 0.043 max 0.986]  iface[0.040..0.048]  (skipped 12 guarded)
epoch  17: train 4.380429e+02   val 4.416687e+02   [C_osc 3.703e+07  C_acc 7.132e+01  C_alpha 3.974e+03  alpha mean 0.050 max 0.997]  iface[0.046..0.056]  *best*  (skipped 6 guarded)
epoch  18: train 4.658037e+02   val 4.417312e+02   [C_osc 3.694e+07  C_acc 7.232e+01  C_alpha 3.170e+03  alpha mean 0.041 max 0.998]  iface[0.037..0.050]  (skipped 7 guarded)
epoch  19: train 4.507508e+02   val 4.404996e+02   [C_osc 3.703e+07  C_acc 7.017e+01  C_alpha 3.836e+03  alpha mean 0.048 max 0.998]  iface[0.042..0.060]  *best*  (skipped 4 guarded)
epoch  20: train 4.764634e+02   val 4.420979e+02   [C_osc 3.674e+07  C_acc 7.468e+01  C_alpha 3.573e+03  alpha mean 0.045 max 0.998]  iface[0.040..0.054]  (skipped 5 guarded)
epoch  21: train 4.553109e+02   val 4.414517e+02   [C_osc 3.681e+07  C_acc 7.327e+01  C_alpha 4.428e+03  alpha mean 0.052 max 0.999]  iface[0.047..0.060]  (skipped 5 guarded)
epoch  22: train 4.199311e+02   val 4.412859e+02   [C_osc 3.720e+07  C_acc 6.920e+01  C_alpha 4.102e+03  alpha mean 0.049 max 0.999]  iface[0.043..0.058]  (skipped 14 guarded)
epoch  23: train 4.484510e+02   val 4.420333e+02   [C_osc 3.733e+07  C_acc 6.872e+01  C_alpha 3.125e+03  alpha mean 0.042 max 0.993]  iface[0.037..0.051]  (skipped 5 guarded)
epoch  24: train 4.997288e+02   val 4.416364e+02   [C_osc 3.734e+07  C_acc 6.816e+01  C_alpha 3.331e+03  alpha mean 0.042 max 0.997]  iface[0.038..0.048]  (skipped 6 guarded)
epoch  25: train 4.526270e+02   val 4.400410e+02   [C_osc 3.697e+07  C_acc 7.034e+01  C_alpha 3.982e+03  alpha mean 0.048 max 0.998]  iface[0.045..0.053]  *best*  (skipped 9 guarded)
epoch  26: train 5.076682e+02   val 4.447677e+02   [C_osc 3.662e+07  C_acc 7.857e+01  C_alpha 4.654e+03  alpha mean 0.053 max 0.998]  iface[0.049..0.059]  (skipped 4 guarded)
epoch  27: train 4.271254e+02   val 4.420981e+02   [C_osc 3.693e+07  C_acc 7.277e+01  C_alpha 3.918e+03  alpha mean 0.048 max 0.995]  iface[0.043..0.058]  (skipped 10 guarded)
epoch  28: train 4.515004e+02   val 4.430580e+02   [C_osc 3.657e+07  C_acc 7.731e+01  C_alpha 3.886e+03  alpha mean 0.049 max 0.986]  iface[0.046..0.055]  (skipped 7 guarded)
epoch  29: train 4.888088e+02   val 4.419583e+02   [C_osc 3.674e+07  C_acc 7.454e+01  C_alpha 4.290e+03  alpha mean 0.051 max 0.996]  iface[0.047..0.056]  (skipped 13 guarded)
epoch  30: train 4.446702e+02   val 4.392951e+02   [C_osc 3.691e+07  C_acc 7.019e+01  C_alpha 3.901e+03  alpha mean 0.047 max 0.995]  iface[0.043..0.053]  *best*  (skipped 10 guarded)
epoch  31: train 4.745970e+02   val 4.406191e+02   [C_osc 3.663e+07  C_acc 7.424e+01  C_alpha 3.840e+03  alpha mean 0.048 max 0.990]  iface[0.044..0.053]  (skipped 8 guarded)
epoch  32: train 4.741881e+02   val 4.403179e+02   [C_osc 3.709e+07  C_acc 6.934e+01  C_alpha 3.631e+03  alpha mean 0.046 max 0.995]  iface[0.041..0.054]  (skipped 1 guarded)
epoch  33: train 4.832090e+02   val 4.451532e+02   [C_osc 3.724e+07  C_acc 7.273e+01  C_alpha 3.703e+03  alpha mean 0.045 max 0.995]  iface[0.043..0.050]  (skipped 6 guarded)
epoch  34: train 4.616480e+02   val 4.415052e+02   [C_osc 3.697e+07  C_acc 7.172e+01  C_alpha 3.495e+03  alpha mean 0.045 max 0.993]  iface[0.040..0.054]  (skipped 3 guarded)
epoch  35: train 4.248415e+02   val 4.414641e+02   [C_osc 3.728e+07  C_acc 6.868e+01  C_alpha 3.183e+03  alpha mean 0.041 max 0.990]  iface[0.039..0.045]  (skipped 4 guarded)
epoch  36: train 4.679343e+02   val 4.403349e+02   [C_osc 3.697e+07  C_acc 7.062e+01  C_alpha 3.319e+03  alpha mean 0.043 max 0.993]  iface[0.039..0.048]  (skipped 6 guarded)
epoch  37: train 4.847877e+02   val 4.409988e+02   [C_osc 3.678e+07  C_acc 7.316e+01  C_alpha 4.254e+03  alpha mean 0.051 max 0.995]  iface[0.048..0.057]  (skipped 5 guarded)
epoch  38: train 4.243763e+02   val 4.399159e+02   [C_osc 3.723e+07  C_acc 6.758e+01  C_alpha 3.331e+03  alpha mean 0.042 max 0.995]  iface[0.036..0.053]  (skipped 3 guarded)
epoch  39: train 4.473909e+02   val 4.426711e+02   [C_osc 3.647e+07  C_acc 7.796e+01  C_alpha 4.099e+03  alpha mean 0.051 max 0.995]  iface[0.046..0.057]  (skipped 8 guarded)
epoch  40: train 4.703327e+02   val 4.396563e+02   [C_osc 3.685e+07  C_acc 7.116e+01  C_alpha 3.904e+03  alpha mean 0.047 max 0.997]  iface[0.042..0.055]  (skipped 8 guarded)
epoch  41: train 4.556646e+02   val 4.414255e+02   [C_osc 3.736e+07  C_acc 6.779e+01  C_alpha 3.341e+03  alpha mean 0.043 max 0.995]  iface[0.037..0.054]  (skipped 5 guarded)
epoch  42: train 4.516479e+02   val 4.420949e+02   [C_osc 3.756e+07  C_acc 6.648e+01  C_alpha 2.369e+03  alpha mean 0.034 max 0.983]  iface[0.031..0.038]  (skipped 6 guarded)
epoch  43: train 4.330983e+02   val 4.390290e+02   [C_osc 3.688e+07  C_acc 7.022e+01  C_alpha 4.151e+03  alpha mean 0.050 max 0.998]  iface[0.044..0.061]  *best*  (skipped 4 guarded)
epoch  44: train 4.460749e+02   val 4.420212e+02   [C_osc 3.669e+07  C_acc 7.506e+01  C_alpha 4.449e+03  alpha mean 0.052 max 0.998]  iface[0.046..0.060]  (skipped 3 guarded)
epoch  45: train 4.873009e+02   val 4.388822e+02   [C_osc 3.677e+07  C_acc 7.111e+01  C_alpha 3.506e+03  alpha mean 0.044 max 0.995]  iface[0.040..0.051]  *best*  (skipped 8 guarded)
epoch  46: train 4.823833e+02   val 4.405162e+02   [C_osc 3.660e+07  C_acc 7.450e+01  C_alpha 3.163e+03  alpha mean 0.042 max 0.981]  iface[0.039..0.046]  (skipped 4 guarded)
epoch  47: train 4.640800e+02   val 4.405734e+02   [C_osc 3.663e+07  C_acc 7.428e+01  C_alpha 4.097e+03  alpha mean 0.050 max 0.991]  iface[0.046..0.055]  (skipped 2 guarded)
epoch  48: train 4.998669e+02   val 4.410878e+02   [C_osc 3.744e+07  C_acc 6.667e+01  C_alpha 2.911e+03  alpha mean 0.040 max 0.974]  iface[0.038..0.044]  (skipped 7 guarded)
epoch  49: train 4.531931e+02   val 4.405146e+02   [C_osc 3.664e+07  C_acc 7.409e+01  C_alpha 3.450e+03  alpha mean 0.044 max 0.993]  iface[0.039..0.050]  (skipped 3 guarded)
epoch  50: train 4.711336e+02   val 4.385475e+02   [C_osc 3.679e+07  C_acc 7.061e+01  C_alpha 3.695e+03  alpha mean 0.046 max 0.995]  iface[0.041..0.053]  *best*  (skipped 8 guarded)
epoch  51: train 4.781425e+02   val 4.400646e+02   [C_osc 3.656e+07  C_acc 7.448e+01  C_alpha 3.810e+03  alpha mean 0.048 max 0.987]  iface[0.043..0.053]  (skipped 2 guarded)
epoch  52: train 4.793441e+02   val 4.380822e+02   [C_osc 3.702e+07  C_acc 6.780e+01  C_alpha 3.404e+03  alpha mean 0.043 max 0.989]  iface[0.039..0.047]  *best*  (skipped 4 guarded)
epoch  53: train 4.663446e+02   val 4.408922e+02   [C_osc 3.650e+07  C_acc 7.587e+01  C_alpha 4.113e+03  alpha mean 0.049 max 0.989]  iface[0.047..0.052]  (skipped 3 guarded)
epoch  54: train 4.601774e+02   val 4.425667e+02   [C_osc 3.644e+07  C_acc 7.810e+01  C_alpha 3.649e+03  alpha mean 0.046 max 0.985]  iface[0.044..0.049]  (skipped 4 guarded)
epoch  55: train 4.539985e+02   val 4.381203e+02   [C_osc 3.730e+07  C_acc 6.512e+01  C_alpha 3.436e+03  alpha mean 0.043 max 0.984]  iface[0.041..0.047]
epoch  56: train 4.791342e+02   val 4.398272e+02   [C_osc 3.671e+07  C_acc 7.273e+01  C_alpha 3.777e+03  alpha mean 0.047 max 0.991]  iface[0.043..0.052]
epoch  57: train 4.453973e+02   val 4.421076e+02   [C_osc 3.646e+07  C_acc 7.745e+01  C_alpha 3.120e+03  alpha mean 0.038 max 0.990]  iface[0.031..0.041]  (skipped 7 guarded)
epoch  58: train 4.285604e+02   val 4.378930e+02   [C_osc 3.687e+07  C_acc 6.911e+01  C_alpha 3.348e+03  alpha mean 0.041 max 0.992]  iface[0.038..0.042]  *best*  (skipped 13 guarded)
epoch  59: train 4.683733e+02   val 4.403895e+02   [C_osc 3.711e+07  C_acc 6.926e+01  C_alpha 3.920e+03  alpha mean 0.048 max 0.992]  iface[0.045..0.053]  (skipped 8 guarded)
epoch  60: train 4.783181e+02   val 4.408850e+02   [C_osc 3.647e+07  C_acc 7.618e+01  C_alpha 3.504e+03  alpha mean 0.043 max 0.993]  iface[0.041..0.045]  (skipped 3 guarded)
epoch  61: train 4.702811e+02   val 4.417315e+02   [C_osc 3.644e+07  C_acc 7.729e+01  C_alpha 3.928e+03  alpha mean 0.047 max 0.998]  iface[0.044..0.053]  (skipped 5 guarded)
epoch  62: train 4.482700e+02   val 4.390081e+02   [C_osc 3.646e+07  C_acc 7.442e+01  C_alpha 2.899e+03  alpha mean 0.038 max 0.989]  iface[0.037..0.039]  (skipped 4 guarded)
epoch  63: train 4.233934e+02   val 4.377350e+02   [C_osc 3.692e+07  C_acc 6.848e+01  C_alpha 3.813e+03  alpha mean 0.047 max 0.993]  iface[0.043..0.052]  *best*
epoch  64: train 4.587150e+02   val 4.384842e+02   [C_osc 3.674e+07  C_acc 7.108e+01  C_alpha 2.898e+03  alpha mean 0.038 max 0.985]  iface[0.035..0.043]  (skipped 4 guarded)
epoch  65: train 4.676012e+02   val 4.365579e+02   [C_osc 3.676e+07  C_acc 6.891e+01  C_alpha 3.001e+03  alpha mean 0.039 max 0.987]  iface[0.036..0.042]  *best*  (skipped 7 guarded)
epoch  66: train 4.510176e+02   val 4.388622e+02   [C_osc 3.651e+07  C_acc 7.373e+01  C_alpha 3.856e+03  alpha mean 0.048 max 0.990]  iface[0.045..0.051]  (skipped 9 guarded)
epoch  67: train 4.581428e+02   val 4.367111e+02   [C_osc 3.693e+07  C_acc 6.739e+01  C_alpha 3.300e+03  alpha mean 0.042 max 0.995]  iface[0.039..0.045]  (skipped 1 guarded)
epoch  68: train 4.848788e+02   val 4.368369e+02   [C_osc 3.664e+07  C_acc 7.041e+01  C_alpha 3.306e+03  alpha mean 0.042 max 0.993]  iface[0.039..0.045]  (skipped 6 guarded)
epoch  69: train 4.420147e+02   val 4.383142e+02   [C_osc 3.661e+07  C_acc 7.216e+01  C_alpha 3.498e+03  alpha mean 0.044 max 0.996]  iface[0.041..0.047]  (skipped 3 guarded)
epoch  70: train 4.589556e+02   val 4.377241e+02   [C_osc 3.656e+07  C_acc 7.212e+01  C_alpha 3.786e+03  alpha mean 0.047 max 0.997]  iface[0.044..0.050]  (skipped 2 guarded)
epoch  71: train 4.622710e+02   val 4.362947e+02   [C_osc 3.671e+07  C_acc 6.913e+01  C_alpha 3.458e+03  alpha mean 0.044 max 0.997]  iface[0.041..0.046]  *best*  (skipped 9 guarded)
epoch  72: train 4.230488e+02   val 4.391834e+02   [C_osc 3.652e+07  C_acc 7.397e+01  C_alpha 3.138e+03  alpha mean 0.041 max 0.996]  iface[0.037..0.042]  (skipped 12 guarded)
epoch  73: train 4.445934e+02   val 4.395296e+02   [C_osc 3.643e+07  C_acc 7.523e+01  C_alpha 3.317e+03  alpha mean 0.042 max 0.994]  iface[0.040..0.044]  (skipped 8 guarded)
epoch  74: train 4.283976e+02   val 4.365543e+02   [C_osc 3.691e+07  C_acc 6.742e+01  C_alpha 3.136e+03  alpha mean 0.040 max 0.993]  iface[0.039..0.042]
epoch  75: train 4.533246e+02   val 4.387668e+02   [C_osc 3.658e+07  C_acc 7.296e+01  C_alpha 3.622e+03  alpha mean 0.045 max 0.996]  iface[0.042..0.048]  (skipped 3 guarded)
epoch  76: train 4.651731e+02   val 4.401947e+02   [C_osc 3.653e+07  C_acc 7.484e+01  C_alpha 3.926e+03  alpha mean 0.048 max 0.996]  iface[0.046..0.050]  (skipped 4 guarded)
epoch  77: train 4.585981e+02   val 4.393701e+02   [C_osc 3.647e+07  C_acc 7.465e+01  C_alpha 3.618e+03  alpha mean 0.044 max 0.998]  iface[0.041..0.047]  (skipped 3 guarded)
epoch  78: train 4.779817e+02   val 4.422562e+02   [C_osc 3.659e+07  C_acc 7.633e+01  C_alpha 4.756e+03  alpha mean 0.054 max 0.999]  iface[0.051..0.059]  (skipped 3 guarded)
epoch  79: train 4.353164e+02   val 4.376433e+02   [C_osc 3.653e+07  C_acc 7.236e+01  C_alpha 2.893e+03  alpha mean 0.038 max 0.994]  iface[0.033..0.039]  (skipped 2 guarded)
epoch  80: train 4.501082e+02   val 4.367537e+02   [C_osc 3.678e+07  C_acc 6.896e+01  C_alpha 3.364e+03  alpha mean 0.042 max 0.998]  iface[0.039..0.045]  (skipped 6 guarded)
epoch  81: train 4.461456e+02   val 4.385437e+02   [C_osc 3.659e+07  C_acc 7.259e+01  C_alpha 3.563e+03  alpha mean 0.044 max 0.997]  iface[0.041..0.048]  (skipped 2 guarded)
epoch  82: train 4.549650e+02   val 4.405376e+02   [C_osc 3.627e+07  C_acc 7.781e+01  C_alpha 3.395e+03  alpha mean 0.043 max 0.994]  iface[0.038..0.044]
epoch  83: train 4.355857e+02   val 4.378811e+02   [C_osc 3.652e+07  C_acc 7.264e+01  C_alpha 3.308e+03  alpha mean 0.042 max 0.993]  iface[0.040..0.044]  (skipped 1 guarded)
epoch  84: train 4.329784e+02   val 4.393264e+02   [C_osc 3.648e+07  C_acc 7.447e+01  C_alpha 3.778e+03  alpha mean 0.046 max 0.999]  iface[0.042..0.050]  (skipped 1 guarded)
epoch  85: train 4.748236e+02   val 4.359883e+02   [C_osc 3.655e+07  C_acc 7.046e+01  C_alpha 2.820e+03  alpha mean 0.038 max 0.991]  iface[0.036..0.039]  *best*  (skipped 6 guarded)
epoch  86: train 4.820735e+02   val 4.362866e+02   [C_osc 3.671e+07  C_acc 6.915e+01  C_alpha 3.495e+03  alpha mean 0.043 max 0.998]  iface[0.041..0.046]  (skipped 7 guarded)
epoch  87: train 4.476928e+02   val 4.371507e+02   [C_osc 3.667e+07  C_acc 7.042e+01  C_alpha 3.336e+03  alpha mean 0.043 max 0.993]  iface[0.040..0.046]  (skipped 5 guarded)
epoch  88: train 4.482297e+02   val 4.382130e+02   [C_osc 3.664e+07  C_acc 7.179e+01  C_alpha 3.750e+03  alpha mean 0.045 max 0.998]  iface[0.043..0.047]  (skipped 4 guarded)
epoch  89: train 4.929040e+02   val 4.387366e+02   [C_osc 3.642e+07  C_acc 7.453e+01  C_alpha 3.431e+03  alpha mean 0.042 max 0.997]  iface[0.040..0.044]  (skipped 11 guarded)
epoch  90: train 4.595808e+02   val 4.412996e+02   [C_osc 3.680e+07  C_acc 7.329e+01  C_alpha 3.621e+03  alpha mean 0.043 max 0.999]  iface[0.033..0.045]  (skipped 6 guarded)
epoch  91: train 4.545722e+02   val 4.385204e+02   [C_osc 3.641e+07  C_acc 7.441e+01  C_alpha 3.159e+03  alpha mean 0.040 max 0.994]  iface[0.039..0.042]  (skipped 6 guarded)
epoch  92: train 4.248065e+02   val 4.363353e+02   [C_osc 3.717e+07  C_acc 6.455e+01  C_alpha 3.354e+03  alpha mean 0.042 max 0.996]  iface[0.038..0.049]  (skipped 1 guarded)
epoch  93: train 4.396815e+02   val 4.373082e+02   [C_osc 3.664e+07  C_acc 7.086e+01  C_alpha 3.399e+03  alpha mean 0.043 max 0.997]  iface[0.040..0.048]  (skipped 9 guarded)
epoch  94: train 4.711518e+02   val 4.389179e+02   [C_osc 3.643e+07  C_acc 7.454e+01  C_alpha 3.710e+03  alpha mean 0.044 max 0.999]  iface[0.042..0.047]  (skipped 8 guarded)
epoch  95: train 4.814041e+02   val 4.370159e+02   [C_osc 3.658e+07  C_acc 7.119e+01  C_alpha 3.472e+03  alpha mean 0.043 max 0.997]  iface[0.041..0.044]  (skipped 1 guarded)
epoch  96: train 4.487591e+02   val 4.377583e+02   [C_osc 3.644e+07  C_acc 7.332e+01  C_alpha 3.549e+03  alpha mean 0.044 max 0.998]  iface[0.042..0.046]  (skipped 5 guarded)
epoch  97: train 4.447139e+02   val 4.358448e+02   [C_osc 3.691e+07  C_acc 6.668e+01  C_alpha 3.346e+03  alpha mean 0.042 max 0.997]  iface[0.037..0.047]  *best*  (skipped 11 guarded)
epoch  98: train 4.577530e+02   val 4.363598e+02   [C_osc 3.689e+07  C_acc 6.739e+01  C_alpha 3.302e+03  alpha mean 0.041 max 0.997]  iface[0.037..0.047]  (skipped 6 guarded)
epoch  99: train 4.426488e+02   val 4.377451e+02   [C_osc 3.646e+07  C_acc 7.310e+01  C_alpha 3.376e+03  alpha mean 0.042 max 0.996]  iface[0.039..0.045]  (skipped 1 guarded)
epoch 100: train 4.316912e+02   val 4.374568e+02   [C_osc 3.690e+07  C_acc 6.848e+01  C_alpha 2.899e+03  alpha mean 0.038 max 0.996]  iface[0.034..0.045]  (skipped 3 guarded)
epoch 101: train 4.184483e+02   val 4.359056e+02   [C_osc 3.655e+07  C_acc 7.034e+01  C_alpha 3.252e+03  alpha mean 0.041 max 0.997]  iface[0.037..0.045]  (skipped 3 guarded)
epoch 102: train 4.637380e+02   val 4.371745e+02   [C_osc 3.646e+07  C_acc 7.259e+01  C_alpha 3.454e+03  alpha mean 0.044 max 0.994]  iface[0.041..0.046]  (skipped 7 guarded)
epoch 103: train 4.303268e+02   val 4.371672e+02   [C_osc 3.649e+07  C_acc 7.227e+01  C_alpha 3.938e+03  alpha mean 0.046 max 0.999]  iface[0.041..0.053]  (skipped 4 guarded)
epoch 104: train 4.560976e+02   val 4.358871e+02   [C_osc 3.652e+07  C_acc 7.060e+01  C_alpha 3.719e+03  alpha mean 0.045 max 0.998]  iface[0.040..0.051]  (skipped 14 guarded)
epoch 105: train 4.384336e+02   val 4.365534e+02   [C_osc 3.643e+07  C_acc 7.222e+01  C_alpha 3.219e+03  alpha mean 0.041 max 0.998]  iface[0.038..0.043]  (skipped 10 guarded)
epoch 106: train 4.317886e+02   val 4.363594e+02   [C_osc 3.644e+07  C_acc 7.188e+01  C_alpha 3.114e+03  alpha mean 0.039 max 0.997]  iface[0.036..0.044]  (skipped 13 guarded)
epoch 107: train 4.607540e+02   val 4.381746e+02   [C_osc 3.638e+07  C_acc 7.432e+01  C_alpha 3.300e+03  alpha mean 0.041 max 0.998]  iface[0.038..0.046]  (skipped 6 guarded)
epoch 108: train 4.617979e+02   val 4.345528e+02   [C_osc 3.664e+07  C_acc 6.813e+01  C_alpha 2.944e+03  alpha mean 0.038 max 0.993]  iface[0.036..0.041]  *best*  (skipped 15 guarded)
epoch 109: train 4.603905e+02   val 4.359771e+02   [C_osc 3.654e+07  C_acc 7.052e+01  C_alpha 2.863e+03  alpha mean 0.038 max 0.993]  iface[0.034..0.039]  (skipped 8 guarded)
epoch 110: train 4.515335e+02   val 4.358377e+02   [C_osc 3.673e+07  C_acc 6.853e+01  C_alpha 3.434e+03  alpha mean 0.043 max 0.997]  iface[0.039..0.050]
epoch 111: train 4.567380e+02   val 4.358381e+02   [C_osc 3.668e+07  C_acc 6.898e+01  C_alpha 3.069e+03  alpha mean 0.039 max 0.996]  iface[0.037..0.041]  (skipped 5 guarded)
epoch 112: train 4.575101e+02   val 4.374130e+02   [C_osc 3.646e+07  C_acc 7.279e+01  C_alpha 3.384e+03  alpha mean 0.041 max 0.999]  iface[0.038..0.046]  (skipped 4 guarded)
epoch 113: train 4.870984e+02   val 4.359144e+02   [C_osc 3.653e+07  C_acc 7.061e+01  C_alpha 3.154e+03  alpha mean 0.039 max 0.999]  iface[0.036..0.043]  (skipped 14 guarded)
epoch 114: train 4.432185e+02   val 4.378444e+02   [C_osc 3.649e+07  C_acc 7.289e+01  C_alpha 3.427e+03  alpha mean 0.043 max 0.999]  iface[0.040..0.047]  (skipped 2 guarded)
epoch 115: train 4.295121e+02   val 4.357831e+02   [C_osc 3.644e+07  C_acc 7.138e+01  C_alpha 3.035e+03  alpha mean 0.038 max 0.998]  iface[0.035..0.042]  (skipped 6 guarded)
epoch 116: train 4.342687e+02   val 4.369061e+02   [C_osc 3.664e+07  C_acc 7.051e+01  C_alpha 2.772e+03  alpha mean 0.036 max 0.997]  iface[0.033..0.040]  (skipped 7 guarded)
epoch 117: train 4.814044e+02   val 4.389989e+02   [C_osc 3.620e+07  C_acc 7.695e+01  C_alpha 3.243e+03  alpha mean 0.041 max 0.996]  iface[0.038..0.044]  (skipped 11 guarded)
epoch 118: train 4.798277e+02   val 4.357713e+02   [C_osc 3.653e+07  C_acc 7.044e+01  C_alpha 2.966e+03  alpha mean 0.037 max 0.998]  iface[0.034..0.041]  (skipped 4 guarded)
epoch 119: train 4.595718e+02   val 4.362900e+02   [C_osc 3.688e+07  C_acc 6.750e+01  C_alpha 3.013e+03  alpha mean 0.038 max 0.997]  iface[0.035..0.043]  (skipped 8 guarded)
epoch 120: train 4.525299e+02   val 4.380774e+02   [C_osc 3.633e+07  C_acc 7.474e+01  C_alpha 2.755e+03  alpha mean 0.036 max 0.996]  iface[0.034..0.038]  (skipped 4 guarded)
epoch 121: train 4.440902e+02   val 4.376212e+02   [C_osc 3.644e+07  C_acc 7.313e+01  C_alpha 4.260e+03  alpha mean 0.050 max 0.998]  iface[0.046..0.054]  (skipped 5 guarded)
epoch 122: train 4.137090e+02   val 4.368002e+02   [C_osc 3.652e+07  C_acc 7.154e+01  C_alpha 3.419e+03  alpha mean 0.042 max 0.997]  iface[0.040..0.046]  (skipped 8 guarded)
epoch 123: train 4.254158e+02   val 4.397786e+02   [C_osc 3.637e+07  C_acc 7.603e+01  C_alpha 3.951e+03  alpha mean 0.047 max 0.999]  iface[0.043..0.051]  (skipped 5 guarded)
epoch 124: train 4.879911e+02   val 4.384316e+02   [C_osc 3.634e+07  C_acc 7.500e+01  C_alpha 4.171e+03  alpha mean 0.049 max 1.000]  iface[0.044..0.056]  (skipped 3 guarded)
epoch 125: train 4.729289e+02   val 4.365938e+02   [C_osc 3.643e+07  C_acc 7.226e+01  C_alpha 3.469e+03  alpha mean 0.043 max 0.995]  iface[0.040..0.047]
epoch 126: train 4.417359e+02   val 4.386396e+02   [C_osc 3.640e+07  C_acc 7.462e+01  C_alpha 3.931e+03  alpha mean 0.046 max 0.999]  iface[0.042..0.051]  (skipped 7 guarded)
epoch 127: train 4.555385e+02   val 4.373481e+02   [C_osc 3.662e+07  C_acc 7.107e+01  C_alpha 2.558e+03  alpha mean 0.034 max 0.995]  iface[0.031..0.038]  (skipped 8 guarded)
epoch 128: train 4.565807e+02   val 4.391485e+02   [C_osc 3.641e+07  C_acc 7.504e+01  C_alpha 4.369e+03  alpha mean 0.050 max 1.000]  iface[0.045..0.056]  (skipped 2 guarded)
epoch 129: train 4.427411e+02   val 4.364459e+02   [C_osc 3.699e+07  C_acc 6.655e+01  C_alpha 2.847e+03  alpha mean 0.036 max 0.997]  iface[0.034..0.039]  (skipped 7 guarded)
epoch 130: train 4.308911e+02   val 4.374710e+02   [C_osc 3.637e+07  C_acc 7.377e+01  C_alpha 3.206e+03  alpha mean 0.040 max 0.998]  iface[0.036..0.045]  (skipped 9 guarded)
epoch 131: train 4.454688e+02   val 4.381919e+02   [C_osc 3.625e+07  C_acc 7.562e+01  C_alpha 3.220e+03  alpha mean 0.040 max 0.997]  iface[0.037..0.043]  (skipped 14 guarded)
epoch 132: train 4.333991e+02   val 4.363660e+02   [C_osc 3.629e+07  C_acc 7.348e+01  C_alpha 3.855e+03  alpha mean 0.045 max 0.998]  iface[0.042..0.049]  (skipped 10 guarded)
epoch 133: train 4.541427e+02   val 4.368117e+02   [C_osc 3.641e+07  C_acc 7.267e+01  C_alpha 3.556e+03  alpha mean 0.043 max 0.996]  iface[0.041..0.046]  (skipped 7 guarded)
epoch 134: train 4.332322e+02   val 4.358345e+02   [C_osc 3.655e+07  C_acc 7.032e+01  C_alpha 2.849e+03  alpha mean 0.036 max 0.994]  iface[0.035..0.038]  (skipped 4 guarded)
epoch 135: train 4.611797e+02   val 4.367898e+02   [C_osc 3.660e+07  C_acc 7.081e+01  C_alpha 3.260e+03  alpha mean 0.040 max 0.997]  iface[0.036..0.042]  (skipped 3 guarded)
epoch 136: train 4.721671e+02   val 4.368365e+02   [C_osc 3.666e+07  C_acc 7.017e+01  C_alpha 3.579e+03  alpha mean 0.042 max 0.999]  iface[0.041..0.044]  (skipped 9 guarded)
epoch 137: train 4.256392e+02   val 4.364165e+02   [C_osc 3.662e+07  C_acc 7.019e+01  C_alpha 3.114e+03  alpha mean 0.040 max 0.994]  iface[0.037..0.041]  (skipped 9 guarded)
epoch 138: train 4.341047e+02   val 4.392421e+02   [C_osc 3.630e+07  C_acc 7.617e+01  C_alpha 3.622e+03  alpha mean 0.044 max 0.998]  iface[0.042..0.045]  (skipped 4 guarded)
epoch 139: train 4.480522e+02   val 4.406944e+02   [C_osc 3.639e+07  C_acc 7.679e+01  C_alpha 3.909e+03  alpha mean 0.045 max 0.999]  iface[0.043..0.047]  (skipped 8 guarded)
epoch 140: train 4.508017e+02   val 4.398570e+02   [C_osc 3.652e+07  C_acc 7.460e+01  C_alpha 3.796e+03  alpha mean 0.046 max 0.998]  iface[0.044..0.048]  (skipped 4 guarded)
epoch 141: train 4.262900e+02   val 4.375723e+02   [C_osc 3.642e+07  C_acc 7.334e+01  C_alpha 3.523e+03  alpha mean 0.043 max 0.999]  iface[0.041..0.045]  (skipped 4 guarded)
epoch 142: train 4.553527e+02   val 4.386960e+02   [C_osc 3.634e+07  C_acc 7.528e+01  C_alpha 3.549e+03  alpha mean 0.043 max 0.998]  iface[0.040..0.045]  (skipped 4 guarded)
epoch 143: train 4.369065e+02   val 4.375803e+02   [C_osc 3.645e+07  C_acc 7.304e+01  C_alpha 3.492e+03  alpha mean 0.043 max 0.997]  iface[0.041..0.046]  (skipped 4 guarded)
epoch 144: train 4.273125e+02   val 4.409781e+02   [C_osc 3.634e+07  C_acc 7.753e+01  C_alpha 4.202e+03  alpha mean 0.049 max 0.999]  iface[0.047..0.052]  (skipped 3 guarded)
epoch 145: train 4.248374e+02   val 4.373289e+02   [C_osc 3.633e+07  C_acc 7.397e+01  C_alpha 3.759e+03  alpha mean 0.045 max 0.998]  iface[0.042..0.049]  (skipped 8 guarded)
epoch 146: train 4.549568e+02   val 4.376925e+02   [C_osc 3.640e+07  C_acc 7.366e+01  C_alpha 3.546e+03  alpha mean 0.043 max 0.999]  iface[0.040..0.046]  (skipped 7 guarded)
epoch 147: train 4.771714e+02   val 4.371543e+02   [C_osc 3.646e+07  C_acc 7.247e+01  C_alpha 3.473e+03  alpha mean 0.043 max 0.998]  iface[0.040..0.047]  (skipped 3 guarded)
epoch 148: train 4.502961e+02   val 4.353060e+02   [C_osc 3.690e+07  C_acc 6.626e+01  C_alpha 2.979e+03  alpha mean 0.038 max 0.997]  iface[0.034..0.045]
epoch 149: train 4.549749e+02   val 4.350591e+02   [C_osc 3.655e+07  C_acc 6.949e+01  C_alpha 3.224e+03  alpha mean 0.040 max 0.997]  iface[0.037..0.044]  (skipped 3 guarded)
epoch 150: train 4.658890e+02   val 4.357652e+02   [C_osc 3.650e+07  C_acc 7.074e+01  C_alpha 3.170e+03  alpha mean 0.038 max 0.999]  iface[0.037..0.040]  (skipped 6 guarded)
epoch 151: train 4.875349e+02   val 4.355723e+02   [C_osc 3.644e+07  C_acc 7.115e+01  C_alpha 2.874e+03  alpha mean 0.037 max 0.996]  iface[0.035..0.039]  (skipped 5 guarded)
epoch 152: train 4.580012e+02   val 4.438459e+02   [C_osc 3.622e+07  C_acc 8.165e+01  C_alpha 3.693e+03  alpha mean 0.044 max 0.999]  iface[0.041..0.046]  (skipped 11 guarded)
epoch 153: train 4.182997e+02   val 4.345995e+02   [C_osc 3.667e+07  C_acc 6.792e+01  C_alpha 2.534e+03  alpha mean 0.033 max 0.993]  iface[0.032..0.035]  (skipped 11 guarded)
epoch 154: train 4.230349e+02   val 4.347992e+02   [C_osc 3.666e+07  C_acc 6.819e+01  C_alpha 2.815e+03  alpha mean 0.037 max 0.995]  iface[0.034..0.039]  (skipped 3 guarded)
epoch 155: train 4.243345e+02   val 4.364274e+02   [C_osc 3.637e+07  C_acc 7.267e+01  C_alpha 3.261e+03  alpha mean 0.040 max 0.999]  iface[0.038..0.044]  (skipped 10 guarded)
epoch 156: train 4.382102e+02   val 4.361160e+02   [C_osc 3.668e+07  C_acc 6.932e+01  C_alpha 3.398e+03  alpha mean 0.041 max 0.999]  iface[0.037..0.050]  (skipped 4 guarded)
epoch 157: train 4.496705e+02   val 4.351584e+02   [C_osc 3.666e+07  C_acc 6.849e+01  C_alpha 2.869e+03  alpha mean 0.037 max 0.997]  iface[0.035..0.039]  (skipped 2 guarded)
epoch 158: train 4.461126e+02   val 4.366176e+02   [C_osc 3.678e+07  C_acc 6.879e+01  C_alpha 2.584e+03  alpha mean 0.034 max 0.994]  iface[0.033..0.035]  (skipped 4 guarded)
epoch 159: train 4.288799e+02   val 4.360730e+02   [C_osc 3.648e+07  C_acc 7.124e+01  C_alpha 2.824e+03  alpha mean 0.036 max 0.999]  iface[0.033..0.038]  (skipped 2 guarded)
epoch 160: train 4.339644e+02   val 4.367799e+02   [C_osc 3.648e+07  C_acc 7.194e+01  C_alpha 3.077e+03  alpha mean 0.038 max 0.999]  iface[0.037..0.041]  (skipped 2 guarded)
epoch 161: train 4.127144e+02   val 4.363639e+02   [C_osc 3.663e+07  C_acc 7.003e+01  C_alpha 2.995e+03  alpha mean 0.038 max 0.997]  iface[0.036..0.040]  (skipped 4 guarded)
epoch 162: train 4.500983e+02   val 4.363902e+02   [C_osc 3.648e+07  C_acc 7.154e+01  C_alpha 3.540e+03  alpha mean 0.043 max 0.999]  iface[0.040..0.049]
epoch 163: train 4.593299e+02   val 4.381605e+02   [C_osc 3.636e+07  C_acc 7.449e+01  C_alpha 3.784e+03  alpha mean 0.045 max 1.000]  iface[0.042..0.048]  (skipped 4 guarded)
epoch 164: train 4.141044e+02   val 4.365267e+02   [C_osc 3.636e+07  C_acc 7.287e+01  C_alpha 3.092e+03  alpha mean 0.039 max 0.998]  iface[0.037..0.040]  (skipped 3 guarded)
epoch 165: train 4.489766e+02   val 4.360491e+02   [C_osc 3.669e+07  C_acc 6.907e+01  C_alpha 3.515e+03  alpha mean 0.042 max 0.998]  iface[0.039..0.046]  (skipped 6 guarded)
epoch 166: train 4.616110e+02   val 4.361078e+02   [C_osc 3.650e+07  C_acc 7.111e+01  C_alpha 2.793e+03  alpha mean 0.037 max 0.993]  iface[0.036..0.038]  (skipped 4 guarded)
epoch 167: train 4.438161e+02   val 4.343685e+02   [C_osc 3.690e+07  C_acc 6.539e+01  C_alpha 3.100e+03  alpha mean 0.039 max 0.999]  iface[0.035..0.046]  *best*  (skipped 2 guarded)
epoch 168: train 4.445345e+02   val 4.354990e+02   [C_osc 3.645e+07  C_acc 7.099e+01  C_alpha 3.011e+03  alpha mean 0.038 max 0.998]  iface[0.035..0.042]  (skipped 3 guarded)
epoch 169: train 4.531989e+02   val 4.347241e+02   [C_osc 3.657e+07  C_acc 6.904e+01  C_alpha 2.899e+03  alpha mean 0.036 max 0.998]  iface[0.034..0.039]  (skipped 3 guarded)
epoch 170: train 4.628915e+02   val 4.357412e+02   [C_osc 3.668e+07  C_acc 6.893e+01  C_alpha 2.899e+03  alpha mean 0.037 max 0.995]  iface[0.035..0.039]  (skipped 4 guarded)
epoch 171: train 4.428725e+02   val 4.352116e+02   [C_osc 3.648e+07  C_acc 7.035e+01  C_alpha 2.803e+03  alpha mean 0.036 max 0.998]  iface[0.033..0.041]  (skipped 3 guarded)
epoch 172: train 4.469394e+02   val 4.362060e+02   [C_osc 3.637e+07  C_acc 7.245e+01  C_alpha 3.385e+03  alpha mean 0.040 max 0.999]  iface[0.038..0.042]  (skipped 6 guarded)
epoch 173: train 4.195509e+02   val 4.364051e+02   [C_osc 3.653e+07  C_acc 7.105e+01  C_alpha 3.206e+03  alpha mean 0.039 max 0.999]  iface[0.038..0.042]  (skipped 4 guarded)
epoch 174: train 4.668866e+02   val 4.364898e+02   [C_osc 3.629e+07  C_acc 7.356e+01  C_alpha 3.216e+03  alpha mean 0.039 max 1.000]  iface[0.036..0.043]  (skipped 10 guarded)
epoch 175: train 4.485066e+02   val 4.371927e+02   [C_osc 3.652e+07  C_acc 7.196e+01  C_alpha 2.857e+03  alpha mean 0.036 max 0.997]  iface[0.033..0.038]  (skipped 10 guarded)
epoch 176: train 4.292637e+02   val 4.356190e+02   [C_osc 3.683e+07  C_acc 6.727e+01  C_alpha 2.568e+03  alpha mean 0.034 max 0.996]  iface[0.032..0.034]  (skipped 2 guarded)
epoch 177: train 4.461319e+02   val 4.356029e+02   [C_osc 3.637e+07  C_acc 7.189e+01  C_alpha 3.265e+03  alpha mean 0.040 max 0.997]  iface[0.038..0.042]  (skipped 3 guarded)
epoch 178: train 4.230782e+02   val 4.382079e+02   [C_osc 3.646e+07  C_acc 7.361e+01  C_alpha 3.469e+03  alpha mean 0.042 max 1.000]  iface[0.040..0.044]  (skipped 3 guarded)
epoch 179: train 4.441569e+02   val 4.363334e+02   [C_osc 3.657e+07  C_acc 7.060e+01  C_alpha 3.094e+03  alpha mean 0.039 max 0.995]  iface[0.036..0.044]  (skipped 1 guarded)
epoch 180: train 4.565380e+02   val 4.358498e+02   [C_osc 3.638e+07  C_acc 7.206e+01  C_alpha 3.293e+03  alpha mean 0.040 max 0.999]  iface[0.037..0.043]  (skipped 4 guarded)
epoch 181: train 4.762530e+02   val 4.346238e+02   [C_osc 3.656e+07  C_acc 6.902e+01  C_alpha 2.786e+03  alpha mean 0.035 max 0.997]  iface[0.033..0.037]  (skipped 14 guarded)
epoch 182: train 4.403741e+02   val 4.351911e+02   [C_osc 3.664e+07  C_acc 6.874e+01  C_alpha 3.026e+03  alpha mean 0.037 max 1.000]  iface[0.034..0.040]
epoch 183: train 4.785670e+02   val 4.367471e+02   [C_osc 3.648e+07  C_acc 7.192e+01  C_alpha 3.504e+03  alpha mean 0.042 max 0.999]  iface[0.039..0.045]  (skipped 4 guarded)
epoch 184: train 4.610026e+02   val 4.355002e+02   [C_osc 3.684e+07  C_acc 6.709e+01  C_alpha 2.967e+03  alpha mean 0.038 max 0.996]  iface[0.035..0.043]  (skipped 4 guarded)
epoch 185: train 4.760301e+02   val 4.351875e+02   [C_osc 3.655e+07  C_acc 6.969e+01  C_alpha 3.161e+03  alpha mean 0.040 max 0.999]  iface[0.036..0.045]  (skipped 8 guarded)
epoch 186: train 4.605203e+02   val 4.373354e+02   [C_osc 3.628e+07  C_acc 7.447e+01  C_alpha 3.166e+03  alpha mean 0.040 max 0.999]  iface[0.036..0.043]  (skipped 3 guarded)
epoch 187: train 4.311316e+02   val 4.348022e+02   [C_osc 3.646e+07  C_acc 7.015e+01  C_alpha 2.733e+03  alpha mean 0.034 max 0.999]  iface[0.032..0.037]  (skipped 4 guarded)
epoch 188: train 4.449253e+02   val 4.363670e+02   [C_osc 3.643e+07  C_acc 7.201e+01  C_alpha 2.894e+03  alpha mean 0.036 max 0.998]  iface[0.033..0.041]  (skipped 12 guarded)
epoch 189: train 4.334793e+02   val 4.362051e+02   [C_osc 3.637e+07  C_acc 7.244e+01  C_alpha 3.393e+03  alpha mean 0.041 max 0.999]  iface[0.039..0.044]  (skipped 5 guarded)
epoch 190: train 4.446470e+02   val 4.338784e+02   [C_osc 3.649e+07  C_acc 6.895e+01  C_alpha 2.964e+03  alpha mean 0.037 max 1.000]  iface[0.034..0.041]  *best*  (skipped 5 guarded)
epoch 191: train 4.734582e+02   val 4.398476e+02   [C_osc 3.620e+07  C_acc 7.783e+01  C_alpha 3.166e+03  alpha mean 0.040 max 0.999]  iface[0.036..0.043]  (skipped 6 guarded)
epoch 192: train 4.363216e+02   val 4.356568e+02   [C_osc 3.687e+07  C_acc 6.696e+01  C_alpha 2.421e+03  alpha mean 0.033 max 0.994]  iface[0.031..0.035]  (skipped 12 guarded)
epoch 193: train 4.867918e+02   val 4.351925e+02   [C_osc 3.647e+07  C_acc 7.042e+01  C_alpha 3.254e+03  alpha mean 0.041 max 1.000]  iface[0.038..0.044]  (skipped 5 guarded)
epoch 194: train 4.486565e+02   val 4.366929e+02   [C_osc 3.638e+07  C_acc 7.285e+01  C_alpha 3.019e+03  alpha mean 0.038 max 0.999]  iface[0.036..0.040]  (skipped 8 guarded)
epoch 195: train 4.360579e+02   val 4.356698e+02   [C_osc 3.675e+07  C_acc 6.811e+01  C_alpha 3.203e+03  alpha mean 0.040 max 1.000]  iface[0.036..0.045]  (skipped 9 guarded)
epoch 196: train 4.419895e+02   val 4.366313e+02   [C_osc 3.645e+07  C_acc 7.206e+01  C_alpha 3.281e+03  alpha mean 0.041 max 1.000]  iface[0.038..0.044]  (skipped 4 guarded)
epoch 197: train 4.522852e+02   val 4.364909e+02   [C_osc 3.664e+07  C_acc 7.010e+01  C_alpha 3.270e+03  alpha mean 0.040 max 0.999]  iface[0.038..0.044]
epoch 198: train 4.366841e+02   val 4.343652e+02   [C_osc 3.664e+07  C_acc 6.793e+01  C_alpha 2.556e+03  alpha mean 0.034 max 0.998]  iface[0.032..0.035]  (skipped 3 guarded)
epoch 199: train 4.636402e+02   val 4.346366e+02   [C_osc 3.655e+07  C_acc 6.910e+01  C_alpha 3.117e+03  alpha mean 0.039 max 1.000]  iface[0.036..0.043]  (skipped 9 guarded)
epoch 200: train 4.473354e+02   val 4.365475e+02   [C_osc 3.636e+07  C_acc 7.289e+01  C_alpha 3.187e+03  alpha mean 0.040 max 0.999]  iface[0.035..0.046]  (skipped 6 guarded)
epoch 201: train 4.997134e+02   val 4.362185e+02   [C_osc 3.646e+07  C_acc 7.158e+01  C_alpha 3.450e+03  alpha mean 0.043 max 0.999]  iface[0.039..0.047]  (skipped 10 guarded)
epoch 202: train 4.469608e+02   val 4.366151e+02   [C_osc 3.630e+07  C_acc 7.362e+01  C_alpha 2.732e+03  alpha mean 0.036 max 0.999]  iface[0.034..0.038]  (skipped 4 guarded)
epoch 203: train 4.611870e+02   val 4.354480e+02   [C_osc 3.647e+07  C_acc 7.071e+01  C_alpha 3.085e+03  alpha mean 0.039 max 1.000]  iface[0.035..0.047]  (skipped 4 guarded)
epoch 204: train 4.362977e+02   val 4.355189e+02   [C_osc 3.641e+07  C_acc 7.142e+01  C_alpha 2.924e+03  alpha mean 0.038 max 1.000]  iface[0.034..0.048]  (skipped 1 guarded)
epoch 205: train 4.750415e+02   val 4.341369e+02   [C_osc 3.648e+07  C_acc 6.929e+01  C_alpha 3.333e+03  alpha mean 0.041 max 1.000]  iface[0.039..0.044]  (skipped 4 guarded)
epoch 206: train 4.799736e+02   val 4.395119e+02   [C_osc 3.634e+07  C_acc 7.608e+01  C_alpha 3.938e+03  alpha mean 0.048 max 1.000]  iface[0.046..0.050]  (skipped 10 guarded)
epoch 207: train 4.491084e+02   val 4.348833e+02   [C_osc 3.648e+07  C_acc 7.002e+01  C_alpha 2.803e+03  alpha mean 0.037 max 0.999]  iface[0.035..0.038]  (skipped 9 guarded)
epoch 208: train 4.213063e+02   val 4.371030e+02   [C_osc 3.643e+07  C_acc 7.282e+01  C_alpha 2.719e+03  alpha mean 0.035 max 1.000]  iface[0.033..0.037]  (skipped 1 guarded)
epoch 209: train 4.393085e+02   val 4.337320e+02   [C_osc 3.658e+07  C_acc 6.787e+01  C_alpha 3.325e+03  alpha mean 0.041 max 1.000]  iface[0.038..0.044]  *best*  (skipped 1 guarded)
epoch 210: train 4.779289e+02   val 4.358807e+02   [C_osc 3.630e+07  C_acc 7.283e+01  C_alpha 2.999e+03  alpha mean 0.038 max 1.000]  iface[0.036..0.041]  (skipped 2 guarded)
epoch 211: train 5.003562e+02   val 4.341190e+02   [C_osc 3.675e+07  C_acc 6.662e+01  C_alpha 3.159e+03  alpha mean 0.039 max 1.000]  iface[0.038..0.041]  (skipped 10 guarded)
epoch 212: train 4.349409e+02   val 4.389325e+02   [C_osc 3.622e+07  C_acc 7.667e+01  C_alpha 3.109e+03  alpha mean 0.039 max 1.000]  iface[0.035..0.043]
epoch 213: train 4.389998e+02   val 4.337465e+02   [C_osc 3.633e+07  C_acc 7.038e+01  C_alpha 3.158e+03  alpha mean 0.039 max 1.000]  iface[0.037..0.040]
epoch 214: train 4.654661e+02   val 4.368429e+02   [C_osc 3.645e+07  C_acc 7.229e+01  C_alpha 3.238e+03  alpha mean 0.040 max 1.000]  iface[0.036..0.048]  (skipped 1 guarded)
epoch 215: train 4.466298e+02   val 4.362951e+02   [C_osc 3.627e+07  C_acc 7.360e+01  C_alpha 3.046e+03  alpha mean 0.038 max 1.000]  iface[0.036..0.040]
epoch 216: train 4.482624e+02   val 4.351767e+02   [C_osc 3.644e+07  C_acc 7.078e+01  C_alpha 3.046e+03  alpha mean 0.038 max 1.000]  iface[0.035..0.042]  (skipped 7 guarded)
epoch 217: train 4.657056e+02   val 4.342049e+02   [C_osc 3.652e+07  C_acc 6.903e+01  C_alpha 2.820e+03  alpha mean 0.037 max 0.999]  iface[0.034..0.040]  (skipped 6 guarded)
epoch 218: train 4.295311e+02   val 4.337209e+02   [C_osc 3.633e+07  C_acc 7.044e+01  C_alpha 2.571e+03  alpha mean 0.034 max 0.999]  iface[0.031..0.036]  *best*  (skipped 6 guarded)
epoch 219: train 4.557796e+02   val 4.339958e+02   [C_osc 3.638e+07  C_acc 7.017e+01  C_alpha 2.807e+03  alpha mean 0.036 max 1.000]  iface[0.032..0.041]  (skipped 3 guarded)
epoch 220: train 4.440452e+02   val 4.363386e+02   [C_osc 3.626e+07  C_acc 7.372e+01  C_alpha 3.212e+03  alpha mean 0.039 max 1.000]  iface[0.037..0.041]  (skipped 5 guarded)
epoch 221: train 4.412596e+02   val 4.364162e+02   [C_osc 3.627e+07  C_acc 7.372e+01  C_alpha 3.631e+03  alpha mean 0.044 max 1.000]  iface[0.040..0.049]  (skipped 5 guarded)
epoch 222: train 4.334088e+02   val 4.345707e+02   [C_osc 3.639e+07  C_acc 7.060e+01  C_alpha 2.857e+03  alpha mean 0.037 max 0.999]  iface[0.034..0.042]  (skipped 5 guarded)
epoch 223: train 4.396321e+02   val 4.343849e+02   [C_osc 3.633e+07  C_acc 7.107e+01  C_alpha 2.910e+03  alpha mean 0.037 max 1.000]  iface[0.034..0.041]  (skipped 9 guarded)
epoch 224: train 4.925280e+02   val 4.354095e+02   [C_osc 3.667e+07  C_acc 6.869e+01  C_alpha 2.656e+03  alpha mean 0.035 max 1.000]  iface[0.031..0.042]  (skipped 4 guarded)
epoch 225: train 4.924800e+02   val 4.392495e+02   [C_osc 3.637e+07  C_acc 7.551e+01  C_alpha 2.911e+03  alpha mean 0.037 max 0.999]  iface[0.033..0.041]  (skipped 7 guarded)
epoch 226: train 4.466167e+02   val 4.366554e+02   [C_osc 3.634e+07  C_acc 7.326e+01  C_alpha 3.337e+03  alpha mean 0.041 max 1.000]  iface[0.038..0.047]  (skipped 4 guarded)
epoch 227: train 4.825489e+02   val 4.338791e+02   [C_osc 3.647e+07  C_acc 6.913e+01  C_alpha 2.760e+03  alpha mean 0.035 max 1.000]  iface[0.032..0.040]  (skipped 9 guarded)
epoch 228: train 4.434495e+02   val 4.354876e+02   [C_osc 3.629e+07  C_acc 7.258e+01  C_alpha 2.961e+03  alpha mean 0.037 max 0.999]  iface[0.034..0.041]  (skipped 1 guarded)
epoch 229: train 4.757069e+02   val 4.355798e+02   [C_osc 3.636e+07  C_acc 7.191e+01  C_alpha 3.000e+03  alpha mean 0.037 max 1.000]  iface[0.034..0.042]  (skipped 5 guarded)
epoch 230: train 4.510815e+02   val 4.344502e+02   [C_osc 3.634e+07  C_acc 7.099e+01  C_alpha 2.825e+03  alpha mean 0.036 max 1.000]  iface[0.033..0.040]  (skipped 7 guarded)
epoch 231: train 4.135410e+02   val 4.343108e+02   [C_osc 3.639e+07  C_acc 7.041e+01  C_alpha 2.585e+03  alpha mean 0.034 max 0.999]  iface[0.032..0.036]  (skipped 2 guarded)
epoch 232: train 4.909271e+02   val 4.359644e+02   [C_osc 3.645e+07  C_acc 7.144e+01  C_alpha 3.541e+03  alpha mean 0.042 max 1.000]  iface[0.039..0.046]  (skipped 3 guarded)
epoch 233: train 4.403376e+02   val 4.406053e+02   [C_osc 3.616e+07  C_acc 7.898e+01  C_alpha 3.297e+03  alpha mean 0.041 max 0.999]  iface[0.039..0.042]  (skipped 4 guarded)
epoch 234: train 4.656828e+02   val 4.376129e+02   [C_osc 3.681e+07  C_acc 6.944e+01  C_alpha 3.698e+03  alpha mean 0.043 max 1.000]  iface[0.041..0.047]  (skipped 6 guarded)
epoch 235: train 4.756720e+02   val 4.366029e+02   [C_osc 3.650e+07  C_acc 7.160e+01  C_alpha 3.194e+03  alpha mean 0.039 max 1.000]  iface[0.037..0.043]  (skipped 7 guarded)
epoch 236: train 4.595854e+02   val 4.301082e+02   [C_osc 3.583e+07  C_acc 7.178e+01  C_alpha 2.984e+03  alpha mean 0.038 max 0.999]  iface[0.036..0.041]  *best*  (skipped 13 guarded)  (val 2/3 ICs finite)
epoch 237: train 4.404019e+02   val 4.357068e+02   [C_osc 3.646e+07  C_acc 7.106e+01  C_alpha 3.086e+03  alpha mean 0.038 max 1.000]  iface[0.035..0.044]  (skipped 7 guarded)
epoch 238: train 4.392276e+02   val 4.358864e+02   [C_osc 3.662e+07  C_acc 6.961e+01  C_alpha 3.231e+03  alpha mean 0.040 max 1.000]  iface[0.038..0.043]  (skipped 2 guarded)
epoch 239: train 4.527221e+02   val 4.354935e+02   [C_osc 3.658e+07  C_acc 6.968e+01  C_alpha 2.899e+03  alpha mean 0.036 max 0.999]  iface[0.033..0.040]  (skipped 8 guarded)
epoch 240: train 4.396972e+02   val 4.349765e+02   [C_osc 3.670e+07  C_acc 6.794e+01  C_alpha 3.010e+03  alpha mean 0.036 max 1.000]  iface[0.032..0.045]  (skipped 10 guarded)
epoch 241: train 4.353250e+02   val 4.384786e+02   [C_osc 3.649e+07  C_acc 7.356e+01  C_alpha 3.632e+03  alpha mean 0.042 max 1.000]  iface[0.037..0.052]  (skipped 12 guarded)
epoch 242: train 4.543567e+02   val 4.361118e+02   [C_osc 3.632e+07  C_acc 7.284e+01  C_alpha 2.871e+03  alpha mean 0.036 max 0.999]  iface[0.034..0.038]  (skipped 4 guarded)
epoch 243: train 4.844146e+02   val 4.349402e+02   [C_osc 3.639e+07  C_acc 7.100e+01  C_alpha 3.103e+03  alpha mean 0.038 max 1.000]  iface[0.036..0.042]  (skipped 7 guarded)
epoch 244: train 4.586663e+02   val 4.385691e+02   [C_osc 3.624e+07  C_acc 7.611e+01  C_alpha 3.315e+03  alpha mean 0.039 max 1.000]  iface[0.036..0.043]  (skipped 5 guarded)
epoch 245: train 4.553585e+02   val 4.338612e+02   [C_osc 3.659e+07  C_acc 6.789e+01  C_alpha 2.822e+03  alpha mean 0.035 max 1.000]  iface[0.032..0.044]  (skipped 5 guarded)
epoch 246: train 4.383168e+02   val 4.340532e+02   [C_osc 3.669e+07  C_acc 6.717e+01  C_alpha 2.620e+03  alpha mean 0.034 max 1.000]  iface[0.032..0.040]  (skipped 6 guarded)
epoch 247: train 4.319464e+02   val 4.357253e+02   [C_osc 3.620e+07  C_acc 7.368e+01  C_alpha 3.250e+03  alpha mean 0.040 max 1.000]  iface[0.038..0.045]  (skipped 3 guarded)
epoch 248: train 4.393423e+02   val 4.339751e+02   [C_osc 3.633e+07  C_acc 7.067e+01  C_alpha 2.842e+03  alpha mean 0.036 max 1.000]  iface[0.033..0.041]  (skipped 9 guarded)
epoch 249: train 4.400567e+02   val 4.348447e+02   [C_osc 3.660e+07  C_acc 6.883e+01  C_alpha 2.636e+03  alpha mean 0.034 max 0.999]  iface[0.031..0.039]  (skipped 8 guarded)
training recap figure -> nn/training/checkpoints_W64_D1_OH64_OC64_FH64_P8/training_recap.png
