Hybrid alpha network loaded from: alpha_hybrid.nn
hybrid_dgsem: alpha driven by neural network policy
[HybridDGSEM] Starting — 50 elements, P=6, 4000 steps, dt=1.00e-04
[HybridDGSEM] step     0/4000  t=0.000000
[HybridDGSEM] step    10/4000  t=0.001000
[HybridDGSEM] step    20/4000  t=0.002000
[HybridDGSEM] step    30/4000  t=0.003000
[HybridDGSEM] step    40/4000  t=0.004000
[HybridDGSEM] step    50/4000  t=0.005000
[HybridDGSEM] step    60/4000  t=0.006000
[HybridDGSEM] step    70/4000  t=0.007000
[HybridDGSEM] step    80/4000  t=0.008000
[HybridDGSEM] step    90/4000  t=0.009000
[HybridDGSEM] step   100/4000  t=0.010000
[HybridDGSEM] step   110/4000  t=0.011000
[HybridDGSEM] step   120/4000  t=0.012000
[HybridDGSEM] step   130/4000  t=0.013000
[HybridDGSEM] step   140/4000  t=0.014000
[HybridDGSEM] step   150/4000  t=0.015000
[HybridDGSEM] step   160/4000  t=0.016000
[HybridDGSEM] step   170/4000  t=0.017000
[HybridDGSEM] step   180/4000  t=0.018000
[HybridDGSEM] step   190/4000  t=0.019000
[HybridDGSEM] step   200/4000  t=0.020000
[HybridDGSEM] step   210/4000  t=0.021000
[HybridDGSEM] step   220/4000  t=0.022000
[HybridDGSEM] step   230/4000  t=0.023000
[HybridDGSEM] step   240/4000  t=0.024000
[HybridDGSEM] step   250/4000  t=0.025000
[HybridDGSEM] step   260/4000  t=0.026000
[HybridDGSEM] step   270/4000  t=0.027000
[HybridDGSEM] step   280/4000  t=0.028000
[HybridDGSEM] step   290/4000  t=0.029000
[HybridDGSEM] step   300/4000  t=0.030000
[HybridDGSEM] step   310/4000  t=0.031000
[HybridDGSEM] step   320/4000  t=0.032000
[HybridDGSEM] step   330/4000  t=0.033000
[HybridDGSEM] step   340/4000  t=0.034000
[HybridDGSEM] step   350/4000  t=0.035000
[HybridDGSEM] step   360/4000  t=0.036000
[HybridDGSEM] step   370/4000  t=0.037000
[HybridDGSEM] step   380/4000  t=0.038000
[HybridDGSEM] step   390/4000  t=0.039000
[HybridDGSEM] step   400/4000  t=0.040000
[HybridDGSEM] step   410/4000  t=0.041000
[HybridDGSEM] step   420/4000  t=0.042000
[HybridDGSEM] step   430/4000  t=0.043000
[HybridDGSEM] step   440/4000  t=0.044000
[HybridDGSEM] step   450/4000  t=0.045000
[HybridDGSEM] step   460/4000  t=0.046000
[HybridDGSEM] step   470/4000  t=0.047000
[HybridDGSEM] step   480/4000  t=0.048000
[HybridDGSEM] step   490/4000  t=0.049000
[HybridDGSEM] step   500/4000  t=0.050000
[HybridDGSEM] step   510/4000  t=0.051000
[HybridDGSEM] step   520/4000  t=0.052000
[HybridDGSEM] step   530/4000  t=0.053000
[HybridDGSEM] step   540/4000  t=0.054000
[HybridDGSEM] step   550/4000  t=0.055000
[HybridDGSEM] step   560/4000  t=0.056000
[HybridDGSEM] step   570/4000  t=0.057000
[HybridDGSEM] step   580/4000  t=0.058000
[HybridDGSEM] step   590/4000  t=0.059000
[HybridDGSEM] step   600/4000  t=0.060000
[HybridDGSEM] step   610/4000  t=0.061000
[HybridDGSEM] step   620/4000  t=0.062000
[HybridDGSEM] step   630/4000  t=0.063000
[HybridDGSEM] step   640/4000  t=0.064000
[HybridDGSEM] step   650/4000  t=0.065000
[HybridDGSEM] step   660/4000  t=0.066000
[HybridDGSEM] step   670/4000  t=0.067000
[HybridDGSEM] step   680/4000  t=0.068000
[HybridDGSEM] step   690/4000  t=0.069000
[HybridDGSEM] step   700/4000  t=0.070000
[HybridDGSEM] step   710/4000  t=0.071000
[HybridDGSEM] step   720/4000  t=0.072000
[HybridDGSEM] step   730/4000  t=0.073000
[HybridDGSEM] step   740/4000  t=0.074000
[HybridDGSEM] step   750/4000  t=0.075000
[HybridDGSEM] step   760/4000  t=0.076000
[HybridDGSEM] step   770/4000  t=0.077000
[HybridDGSEM] step   780/4000  t=0.078000
[HybridDGSEM] step   790/4000  t=0.079000
[HybridDGSEM] step   800/4000  t=0.080000
[HybridDGSEM] step   810/4000  t=0.081000
[HybridDGSEM] step   820/4000  t=0.082000
[HybridDGSEM] step   830/4000  t=0.083000
[HybridDGSEM] step   840/4000  t=0.084000
[HybridDGSEM] step   850/4000  t=0.085000
[HybridDGSEM] step   860/4000  t=0.086000
[HybridDGSEM] step   870/4000  t=0.087000
[HybridDGSEM] step   880/4000  t=0.088000
[HybridDGSEM] step   890/4000  t=0.089000
[HybridDGSEM] step   900/4000  t=0.090000
[HybridDGSEM] step   910/4000  t=0.091000
[HybridDGSEM] step   920/4000  t=0.092000
[HybridDGSEM] step   930/4000  t=0.093000
[HybridDGSEM] step   940/4000  t=0.094000
[HybridDGSEM] step   950/4000  t=0.095000
[HybridDGSEM] step   960/4000  t=0.096000
[HybridDGSEM] step   970/4000  t=0.097000
[HybridDGSEM] step   980/4000  t=0.098000
[HybridDGSEM] step   990/4000  t=0.099000
[HybridDGSEM] step  1000/4000  t=0.100000
[HybridDGSEM] step  1010/4000  t=0.101000
[HybridDGSEM] step  1020/4000  t=0.102000
[HybridDGSEM] step  1030/4000  t=0.103000
[HybridDGSEM] step  1040/4000  t=0.104000
[HybridDGSEM] step  1050/4000  t=0.105000
[HybridDGSEM] step  1060/4000  t=0.106000
[HybridDGSEM] step  1070/4000  t=0.107000
[HybridDGSEM] step  1080/4000  t=0.108000
[HybridDGSEM] step  1090/4000  t=0.109000
[HybridDGSEM] step  1100/4000  t=0.110000
[HybridDGSEM] step  1110/4000  t=0.111000
[HybridDGSEM] step  1120/4000  t=0.112000
[HybridDGSEM] step  1130/4000  t=0.113000
[HybridDGSEM] step  1140/4000  t=0.114000
[HybridDGSEM] step  1150/4000  t=0.115000
[HybridDGSEM] step  1160/4000  t=0.116000
[HybridDGSEM] step  1170/4000  t=0.117000
[HybridDGSEM] step  1180/4000  t=0.118000
[HybridDGSEM] step  1190/4000  t=0.119000
[HybridDGSEM] step  1200/4000  t=0.120000
[HybridDGSEM] step  1210/4000  t=0.121000
[HybridDGSEM] step  1220/4000  t=0.122000
[HybridDGSEM] step  1230/4000  t=0.123000
[HybridDGSEM] step  1240/4000  t=0.124000
[HybridDGSEM] step  1250/4000  t=0.125000
[HybridDGSEM] step  1260/4000  t=0.126000
[HybridDGSEM] step  1270/4000  t=0.127000
[HybridDGSEM] step  1280/4000  t=0.128000
[HybridDGSEM] step  1290/4000  t=0.129000
[HybridDGSEM] step  1300/4000  t=0.130000
[HybridDGSEM] step  1310/4000  t=0.131000
[HybridDGSEM] step  1320/4000  t=0.132000
[HybridDGSEM] step  1330/4000  t=0.133000
[HybridDGSEM] step  1340/4000  t=0.134000
[HybridDGSEM] step  1350/4000  t=0.135000
[HybridDGSEM] step  1360/4000  t=0.136000
[HybridDGSEM] step  1370/4000  t=0.137000
[HybridDGSEM] step  1380/4000  t=0.138000
[HybridDGSEM] step  1390/4000  t=0.139000
[HybridDGSEM] step  1400/4000  t=0.140000
[HybridDGSEM] step  1410/4000  t=0.141000
[HybridDGSEM] step  1420/4000  t=0.142000
[HybridDGSEM] step  1430/4000  t=0.143000
[HybridDGSEM] step  1440/4000  t=0.144000
[HybridDGSEM] step  1450/4000  t=0.145000
[HybridDGSEM] step  1460/4000  t=0.146000
[HybridDGSEM] step  1470/4000  t=0.147000
[HybridDGSEM] step  1480/4000  t=0.148000
[HybridDGSEM] step  1490/4000  t=0.149000
[HybridDGSEM] step  1500/4000  t=0.150000
[HybridDGSEM] step  1510/4000  t=0.151000
[HybridDGSEM] step  1520/4000  t=0.152000
[HybridDGSEM] step  1530/4000  t=0.153000
[HybridDGSEM] step  1540/4000  t=0.154000
[HybridDGSEM] step  1550/4000  t=0.155000
[HybridDGSEM] step  1560/4000  t=0.156000
[HybridDGSEM] step  1570/4000  t=0.157000
[HybridDGSEM] step  1580/4000  t=0.158000
[HybridDGSEM] step  1590/4000  t=0.159000
[HybridDGSEM] step  1600/4000  t=0.160000
[HybridDGSEM] step  1610/4000  t=0.161000
[HybridDGSEM] step  1620/4000  t=0.162000
[HybridDGSEM] step  1630/4000  t=0.163000
[HybridDGSEM] step  1640/4000  t=0.164000
[HybridDGSEM] step  1650/4000  t=0.165000
[HybridDGSEM] step  1660/4000  t=0.166000
[HybridDGSEM] step  1670/4000  t=0.167000
[HybridDGSEM] step  1680/4000  t=0.168000
[HybridDGSEM] step  1690/4000  t=0.169000
[HybridDGSEM] step  1700/4000  t=0.170000
[HybridDGSEM] step  1710/4000  t=0.171000
[HybridDGSEM] step  1720/4000  t=0.172000
[HybridDGSEM] step  1730/4000  t=0.173000
[HybridDGSEM] step  1740/4000  t=0.174000
[HybridDGSEM] step  1750/4000  t=0.175000
[HybridDGSEM] step  1760/4000  t=0.176000
[HybridDGSEM] step  1770/4000  t=0.177000
[HybridDGSEM] step  1780/4000  t=0.178000
[HybridDGSEM] step  1790/4000  t=0.179000
[HybridDGSEM] step  1800/4000  t=0.180000
[HybridDGSEM] step  1810/4000  t=0.181000
[HybridDGSEM] step  1820/4000  t=0.182000
[HybridDGSEM] step  1830/4000  t=0.183000
[HybridDGSEM] step  1840/4000  t=0.184000
[HybridDGSEM] step  1850/4000  t=0.185000
[HybridDGSEM] step  1860/4000  t=0.186000
[HybridDGSEM] step  1870/4000  t=0.187000
[HybridDGSEM] step  1880/4000  t=0.188000
[HybridDGSEM] step  1890/4000  t=0.189000
[HybridDGSEM] step  1900/4000  t=0.190000
[HybridDGSEM] step  1910/4000  t=0.191000
[HybridDGSEM] step  1920/4000  t=0.192000
[HybridDGSEM] step  1930/4000  t=0.193000
[HybridDGSEM] step  1940/4000  t=0.194000
[HybridDGSEM] step  1950/4000  t=0.195000
[HybridDGSEM] step  1960/4000  t=0.196000
[HybridDGSEM] step  1970/4000  t=0.197000
[HybridDGSEM] step  1980/4000  t=0.198000
[HybridDGSEM] step  1990/4000  t=0.199000
[HybridDGSEM] step  2000/4000  t=0.200000
[HybridDGSEM] step  2010/4000  t=0.201000
[HybridDGSEM] step  2020/4000  t=0.202000
[HybridDGSEM] step  2030/4000  t=0.203000
[HybridDGSEM] step  2040/4000  t=0.204000
[HybridDGSEM] step  2050/4000  t=0.205000
[HybridDGSEM] step  2060/4000  t=0.206000
[HybridDGSEM] step  2070/4000  t=0.207000
[HybridDGSEM] step  2080/4000  t=0.208000
[HybridDGSEM] step  2090/4000  t=0.209000
[HybridDGSEM] step  2100/4000  t=0.210000
[HybridDGSEM] step  2110/4000  t=0.211000
[HybridDGSEM] step  2120/4000  t=0.212000
[HybridDGSEM] step  2130/4000  t=0.213000
[HybridDGSEM] step  2140/4000  t=0.214000
[HybridDGSEM] step  2150/4000  t=0.215000
[HybridDGSEM] step  2160/4000  t=0.216000
[HybridDGSEM] step  2170/4000  t=0.217000
[HybridDGSEM] step  2180/4000  t=0.218000
[HybridDGSEM] step  2190/4000  t=0.219000
[HybridDGSEM] step  2200/4000  t=0.220000
[HybridDGSEM] step  2210/4000  t=0.221000
[HybridDGSEM] step  2220/4000  t=0.222000
[HybridDGSEM] step  2230/4000  t=0.223000
[HybridDGSEM] step  2240/4000  t=0.224000
[HybridDGSEM] step  2250/4000  t=0.225000
[HybridDGSEM] step  2260/4000  t=0.226000
[HybridDGSEM] step  2270/4000  t=0.227000
[HybridDGSEM] step  2280/4000  t=0.228000
[HybridDGSEM] step  2290/4000  t=0.229000
[HybridDGSEM] step  2300/4000  t=0.230000
[HybridDGSEM] step  2310/4000  t=0.231000
[HybridDGSEM] step  2320/4000  t=0.232000
[HybridDGSEM] step  2330/4000  t=0.233000
[HybridDGSEM] step  2340/4000  t=0.234000
[HybridDGSEM] step  2350/4000  t=0.235000
[HybridDGSEM] step  2360/4000  t=0.236000
[HybridDGSEM] step  2370/4000  t=0.237000
[HybridDGSEM] step  2380/4000  t=0.238000
[HybridDGSEM] step  2390/4000  t=0.239000
[HybridDGSEM] step  2400/4000  t=0.240000
[HybridDGSEM] step  2410/4000  t=0.241000
[HybridDGSEM] step  2420/4000  t=0.242000
[HybridDGSEM] step  2430/4000  t=0.243000
[HybridDGSEM] step  2440/4000  t=0.244000
[HybridDGSEM] step  2450/4000  t=0.245000
[HybridDGSEM] step  2460/4000  t=0.246000
[HybridDGSEM] step  2470/4000  t=0.247000
[HybridDGSEM] step  2480/4000  t=0.248000
[HybridDGSEM] step  2490/4000  t=0.249000
[HybridDGSEM] step  2500/4000  t=0.250000
[HybridDGSEM] step  2510/4000  t=0.251000
[HybridDGSEM] step  2520/4000  t=0.252000
[HybridDGSEM] step  2530/4000  t=0.253000
[HybridDGSEM] step  2540/4000  t=0.254000
[HybridDGSEM] step  2550/4000  t=0.255000
[HybridDGSEM] step  2560/4000  t=0.256000
[HybridDGSEM] step  2570/4000  t=0.257000
[HybridDGSEM] step  2580/4000  t=0.258000
[HybridDGSEM] step  2590/4000  t=0.259000
[HybridDGSEM] step  2600/4000  t=0.260000
[HybridDGSEM] step  2610/4000  t=0.261000
[HybridDGSEM] step  2620/4000  t=0.262000
[HybridDGSEM] step  2630/4000  t=0.263000
[HybridDGSEM] step  2640/4000  t=0.264000
[HybridDGSEM] step  2650/4000  t=0.265000
[HybridDGSEM] step  2660/4000  t=0.266000
[HybridDGSEM] step  2670/4000  t=0.267000
[HybridDGSEM] step  2680/4000  t=0.268000
[HybridDGSEM] step  2690/4000  t=0.269000
[HybridDGSEM] step  2700/4000  t=0.270000
[HybridDGSEM] step  2710/4000  t=0.271000
[HybridDGSEM] step  2720/4000  t=0.272000
[HybridDGSEM] step  2730/4000  t=0.273000
[HybridDGSEM] step  2740/4000  t=0.274000
[HybridDGSEM] step  2750/4000  t=0.275000
[HybridDGSEM] step  2760/4000  t=0.276000
[HybridDGSEM] step  2770/4000  t=0.277000
[HybridDGSEM] step  2780/4000  t=0.278000
[HybridDGSEM] step  2790/4000  t=0.279000
[HybridDGSEM] step  2800/4000  t=0.280000
[HybridDGSEM] step  2810/4000  t=0.281000
[HybridDGSEM] step  2820/4000  t=0.282000
[HybridDGSEM] step  2830/4000  t=0.283000
[HybridDGSEM] step  2840/4000  t=0.284000
[HybridDGSEM] step  2850/4000  t=0.285000
[HybridDGSEM] step  2860/4000  t=0.286000
[HybridDGSEM] step  2870/4000  t=0.287000
[HybridDGSEM] step  2880/4000  t=0.288000
[HybridDGSEM] step  2890/4000  t=0.289000
[HybridDGSEM] step  2900/4000  t=0.290000
[HybridDGSEM] step  2910/4000  t=0.291000
[HybridDGSEM] step  2920/4000  t=0.292000
[HybridDGSEM] step  2930/4000  t=0.293000
[HybridDGSEM] step  2940/4000  t=0.294000
[HybridDGSEM] step  2950/4000  t=0.295000
[HybridDGSEM] step  2960/4000  t=0.296000
[HybridDGSEM] step  2970/4000  t=0.297000
[HybridDGSEM] step  2980/4000  t=0.298000
[HybridDGSEM] step  2990/4000  t=0.299000
[HybridDGSEM] step  3000/4000  t=0.300000
[HybridDGSEM] step  3010/4000  t=0.301000
[HybridDGSEM] step  3020/4000  t=0.302000
[HybridDGSEM] step  3030/4000  t=0.303000
[HybridDGSEM] step  3040/4000  t=0.304000
[HybridDGSEM] step  3050/4000  t=0.305000
[HybridDGSEM] step  3060/4000  t=0.306000
[HybridDGSEM] step  3070/4000  t=0.307000
[HybridDGSEM] step  3080/4000  t=0.308000
[HybridDGSEM] step  3090/4000  t=0.309000
[HybridDGSEM] step  3100/4000  t=0.310000
[HybridDGSEM] step  3110/4000  t=0.311000
[HybridDGSEM] step  3120/4000  t=0.312000
[HybridDGSEM] step  3130/4000  t=0.313000
[HybridDGSEM] step  3140/4000  t=0.314000
[HybridDGSEM] step  3150/4000  t=0.315000
[HybridDGSEM] step  3160/4000  t=0.316000
[HybridDGSEM] step  3170/4000  t=0.317000
[HybridDGSEM] step  3180/4000  t=0.318000
[HybridDGSEM] step  3190/4000  t=0.319000
[HybridDGSEM] step  3200/4000  t=0.320000
[HybridDGSEM] step  3210/4000  t=0.321000
[HybridDGSEM] step  3220/4000  t=0.322000
[HybridDGSEM] step  3230/4000  t=0.323000
[HybridDGSEM] step  3240/4000  t=0.324000
[HybridDGSEM] step  3250/4000  t=0.325000
[HybridDGSEM] step  3260/4000  t=0.326000
[HybridDGSEM] step  3270/4000  t=0.327000
[HybridDGSEM] step  3280/4000  t=0.328000
[HybridDGSEM] step  3290/4000  t=0.329000
[HybridDGSEM] step  3300/4000  t=0.330000
[HybridDGSEM] step  3310/4000  t=0.331000
[HybridDGSEM] step  3320/4000  t=0.332000
[HybridDGSEM] step  3330/4000  t=0.333000
[HybridDGSEM] step  3340/4000  t=0.334000
[HybridDGSEM] step  3350/4000  t=0.335000
[HybridDGSEM] step  3360/4000  t=0.336000
[HybridDGSEM] step  3370/4000  t=0.337000
[HybridDGSEM] step  3380/4000  t=0.338000
[HybridDGSEM] step  3390/4000  t=0.339000
[HybridDGSEM] step  3400/4000  t=0.340000
[HybridDGSEM] step  3410/4000  t=0.341000
[HybridDGSEM] step  3420/4000  t=0.342000
[HybridDGSEM] step  3430/4000  t=0.343000
[HybridDGSEM] step  3440/4000  t=0.344000
[HybridDGSEM] step  3450/4000  t=0.345000
[HybridDGSEM] step  3460/4000  t=0.346000
[HybridDGSEM] step  3470/4000  t=0.347000
[HybridDGSEM] step  3480/4000  t=0.348000
[HybridDGSEM] step  3490/4000  t=0.349000
[HybridDGSEM] step  3500/4000  t=0.350000
[HybridDGSEM] step  3510/4000  t=0.351000
[HybridDGSEM] step  3520/4000  t=0.352000
[HybridDGSEM] step  3530/4000  t=0.353000
[HybridDGSEM] step  3540/4000  t=0.354000
[HybridDGSEM] step  3550/4000  t=0.355000
[HybridDGSEM] step  3560/4000  t=0.356000
[HybridDGSEM] step  3570/4000  t=0.357000
[HybridDGSEM] step  3580/4000  t=0.358000
[HybridDGSEM] step  3590/4000  t=0.359000
[HybridDGSEM] step  3600/4000  t=0.360000
[HybridDGSEM] step  3610/4000  t=0.361000
[HybridDGSEM] step  3620/4000  t=0.362000
[HybridDGSEM] step  3630/4000  t=0.363000
[HybridDGSEM] step  3640/4000  t=0.364000
[HybridDGSEM] step  3650/4000  t=0.365000
[HybridDGSEM] step  3660/4000  t=0.366000
[HybridDGSEM] step  3670/4000  t=0.367000
[HybridDGSEM] step  3680/4000  t=0.368000
[HybridDGSEM] step  3690/4000  t=0.369000
[HybridDGSEM] step  3700/4000  t=0.370000
[HybridDGSEM] step  3710/4000  t=0.371000
[HybridDGSEM] step  3720/4000  t=0.372000
[HybridDGSEM] step  3730/4000  t=0.373000
[HybridDGSEM] step  3740/4000  t=0.374000
[HybridDGSEM] step  3750/4000  t=0.375000
[HybridDGSEM] step  3760/4000  t=0.376000
[HybridDGSEM] step  3770/4000  t=0.377000
[HybridDGSEM] step  3780/4000  t=0.378000
[HybridDGSEM] step  3790/4000  t=0.379000
[HybridDGSEM] step  3800/4000  t=0.380000
[HybridDGSEM] step  3810/4000  t=0.381000
[HybridDGSEM] step  3820/4000  t=0.382000
[HybridDGSEM] step  3830/4000  t=0.383000
[HybridDGSEM] step  3840/4000  t=0.384000
[HybridDGSEM] step  3850/4000  t=0.385000
[HybridDGSEM] step  3860/4000  t=0.386000
[HybridDGSEM] step  3870/4000  t=0.387000
[HybridDGSEM] step  3880/4000  t=0.388000
[HybridDGSEM] step  3890/4000  t=0.389000
[HybridDGSEM] step  3900/4000  t=0.390000
[HybridDGSEM] step  3910/4000  t=0.391000
[HybridDGSEM] step  3920/4000  t=0.392000
[HybridDGSEM] step  3930/4000  t=0.393000
[HybridDGSEM] step  3940/4000  t=0.394000
[HybridDGSEM] step  3950/4000  t=0.395000
[HybridDGSEM] step  3960/4000  t=0.396000
[HybridDGSEM] step  3970/4000  t=0.397000
[HybridDGSEM] step  3980/4000  t=0.398000
[HybridDGSEM] step  3990/4000  t=0.399000
[HybridDGSEM] step  4000/4000  t=0.400000
[HybridDGSEM] Finished — 4000 steps, 350 nodes, 1400000 total ops
