
======================================================
HYBRID-DGSEM ALPHA POLICY TRAINING (one-step reward RL)
======================================================

  P=6  N=50  T=0.4  dt=0.0001
  sample stride=25  lambda=0.005
  candidates: 11 values in [0,1]
  output model: alpha_hybrid.nn

STEP 1: Generating trajectory and optimal-alpha labels...
  Captured 160 snapshots -> 8000 training samples (7 features each)

  Label histogram (alpha -> count):
    0 : 5414
    0.1 : 523
    0.2 : 555
    0.3 : 679
    0.4 : 203
    0.5 : 199
    0.6 : 129
    0.7 : 139
    0.8 : 85
    0.9 : 54
    1 : 20

STEP 2: Training policy network...
  Architecture: ReLU(7->32) -> ReLU(32->32) -> Sigmoid(32->1)

Epoch 0  loss: 0.229475
Epoch 100  loss: 0.216223
Epoch 200  loss: 0.204051
Epoch 300  loss: 0.192862
Epoch 400  loss: 0.183032
Epoch 500  loss: 0.174479
Epoch 600  loss: 0.166544
Epoch 700  loss: 0.160705
Epoch 800  loss: 0.155243
Epoch 900  loss: 0.150063
Epoch 1000  loss: 0.14553
Epoch 1100  loss: 0.141438
Epoch 1200  loss: 0.13749
Epoch 1300  loss: 0.133681
Epoch 1400  loss: 0.130007
Epoch 1500  loss: 0.126464
Epoch 1600  loss: 0.123051
Epoch 1700  loss: 0.11995
Epoch 1800  loss: 0.116955
Epoch 1900  loss: 0.114053
Epoch 2000  loss: 0.111242
Epoch 2100  loss: 0.108519
Epoch 2200  loss: 0.105882
Epoch 2300  loss: 0.10333
Epoch 2400  loss: 0.100862
Epoch 2500  loss: 0.0984746
Epoch 2600  loss: 0.096167
Epoch 2700  loss: 0.0939371
Epoch 2800  loss: 0.0917831
Epoch 2900  loss: 0.0897036
Epoch 3000  loss: 0.0876967
Epoch 3100  loss: 0.0857607
Epoch 3200  loss: 0.0838939
Epoch 3300  loss: 0.0820946
Epoch 3400  loss: 0.080361
Epoch 3500  loss: 0.0786915
Epoch 3600  loss: 0.0770844
Epoch 3700  loss: 0.075538
Epoch 3800  loss: 0.0740505
Epoch 3900  loss: 0.0726207
Epoch 4000  loss: 0.0712493
Epoch 4100  loss: 0.0699313
Epoch 4200  loss: 0.0686653
Epoch 4300  loss: 0.0674492
Epoch 4400  loss: 0.0662819
Epoch 4500  loss: 0.0651616
Epoch 4600  loss: 0.0640869
Epoch 4700  loss: 0.0630593
Epoch 4800  loss: 0.0620742
Epoch 4900  loss: 0.0611293
Epoch 5000  loss: 0.0602235
Epoch 5100  loss: 0.0593552
Epoch 5200  loss: 0.058523
Epoch 5300  loss: 0.0577256
Epoch 5400  loss: 0.0569614
Epoch 5500  loss: 0.0562294
Epoch 5600  loss: 0.0555281
Epoch 5700  loss: 0.0548565
Epoch 5800  loss: 0.0542133
Epoch 5900  loss: 0.053598
Epoch 6000  loss: 0.0530089
Epoch 6100  loss: 0.0524451
Epoch 6200  loss: 0.0519054
Epoch 6300  loss: 0.0513886
Epoch 6400  loss: 0.0508937
Epoch 6500  loss: 0.0504199
Epoch 6600  loss: 0.049966
Epoch 6700  loss: 0.0495315
Epoch 6800  loss: 0.0491153
Epoch 6900  loss: 0.0487167
Epoch 7000  loss: 0.0483349
Epoch 7100  loss: 0.0479693
Epoch 7200  loss: 0.047619
Epoch 7300  loss: 0.0472835
Epoch 7400  loss: 0.046962
Epoch 7500  loss: 0.046654
Epoch 7600  loss: 0.0463589
Epoch 7700  loss: 0.046076
Epoch 7800  loss: 0.0458049
Epoch 7900  loss: 0.0455451
Epoch 8000  loss: 0.0452959
Epoch 8100  loss: 0.0450571
Epoch 8200  loss: 0.044828
Epoch 8300  loss: 0.0446084
Epoch 8400  loss: 0.0443976
Epoch 8500  loss: 0.0441955
Epoch 8600  loss: 0.0440016
Epoch 8700  loss: 0.0438154
Epoch 8800  loss: 0.0436368
Epoch 8900  loss: 0.0434654
Epoch 9000  loss: 0.0433007
Epoch 9100  loss: 0.0431427
Epoch 9200  loss: 0.0429909
Epoch 9300  loss: 0.0428451
Epoch 9400  loss: 0.0427051
Epoch 9500  loss: 0.0425705
Epoch 9600  loss: 0.0424412
Epoch 9700  loss: 0.042317
Epoch 9800  loss: 0.0421975
Epoch 9900  loss: 0.0420827
Epoch 10000  loss: 0.0419723
Epoch 10100  loss: 0.0418661
Epoch 10200  loss: 0.0417639
Epoch 10300  loss: 0.0416656
Epoch 10400  loss: 0.0415711
Epoch 10500  loss: 0.0414801
Epoch 10600  loss: 0.0413925
Epoch 10700  loss: 0.0413082
Epoch 10800  loss: 0.0412271
Epoch 10900  loss: 0.0411489
Epoch 11000  loss: 0.0410737
Epoch 11100  loss: 0.0410011
Epoch 11200  loss: 0.0409313
Epoch 11300  loss: 0.040864
Epoch 11400  loss: 0.0407991
Epoch 11500  loss: 0.0407366
Epoch 11600  loss: 0.0406764
Epoch 11700  loss: 0.0406183
Epoch 11800  loss: 0.0405623
Epoch 11900  loss: 0.0405083
Epoch 12000  loss: 0.0404562
Epoch 12100  loss: 0.0404059
Epoch 12200  loss: 0.0403574
Epoch 12300  loss: 0.0403106
Epoch 12400  loss: 0.0402655
Epoch 12500  loss: 0.0402219
Epoch 12600  loss: 0.0401799
Epoch 12700  loss: 0.0401393
Epoch 12800  loss: 0.0401
Epoch 12900  loss: 0.0400622
Epoch 13000  loss: 0.0400256
Epoch 13100  loss: 0.0399902
Epoch 13200  loss: 0.0399561
Epoch 13300  loss: 0.0399232
Epoch 13400  loss: 0.0398913
Epoch 13500  loss: 0.0398605
Epoch 13600  loss: 0.0398307
Epoch 13700  loss: 0.0398019
Epoch 13800  loss: 0.0397741
Epoch 13900  loss: 0.0397472
Epoch 14000  loss: 0.0397212
Epoch 14100  loss: 0.0396961
Epoch 14200  loss: 0.0396717
Epoch 14300  loss: 0.0396482
Epoch 14400  loss: 0.0396254
Epoch 14500  loss: 0.0396034
Epoch 14600  loss: 0.0395821
Epoch 14700  loss: 0.0395615
Epoch 14800  loss: 0.0395415
Epoch 14900  loss: 0.0395222
Epoch 15000  loss: 0.0395035
Epoch 15100  loss: 0.0394853
Epoch 15200  loss: 0.0394678
Epoch 15300  loss: 0.0394508
Epoch 15400  loss: 0.0394345
Epoch 15500  loss: 0.0394188
Epoch 15600  loss: 0.0394035
Epoch 15700  loss: 0.0393888
Epoch 15800  loss: 0.0393745
Epoch 15900  loss: 0.0393606
Epoch 16000  loss: 0.0393471
Epoch 16100  loss: 0.0393341
Epoch 16200  loss: 0.0393214
Epoch 16300  loss: 0.0393092
Epoch 16400  loss: 0.0392973
Epoch 16500  loss: 0.0392857
Epoch 16600  loss: 0.0392746
Epoch 16700  loss: 0.0392637
Epoch 16800  loss: 0.0392532
Epoch 16900  loss: 0.039243
Epoch 17000  loss: 0.0392331
Epoch 17100  loss: 0.0392235
Epoch 17200  loss: 0.0392142
Epoch 17300  loss: 0.0392051
Epoch 17400  loss: 0.0391964
Epoch 17500  loss: 0.0391878
Epoch 17600  loss: 0.0391796
Epoch 17700  loss: 0.0391716
Epoch 17800  loss: 0.0391638
Epoch 17900  loss: 0.0391562
Epoch 18000  loss: 0.0391489
Epoch 18100  loss: 0.0391417
Epoch 18200  loss: 0.0391348
Epoch 18300  loss: 0.0391281
Epoch 18400  loss: 0.0391216
Epoch 18500  loss: 0.0391152
Epoch 18600  loss: 0.0391091
Epoch 18700  loss: 0.0391031
Epoch 18800  loss: 0.0390973
Epoch 18900  loss: 0.0390917
Epoch 19000  loss: 0.0390862
Epoch 19100  loss: 0.0390809
Epoch 19200  loss: 0.0390757
Epoch 19300  loss: 0.0390707
Epoch 19400  loss: 0.0390658
Epoch 19500  loss: 0.0390611
Epoch 19600  loss: 0.0390565
Epoch 19700  loss: 0.039052
Epoch 19800  loss: 0.0390476
Epoch 19900  loss: 0.0390434
Epoch 20000  loss: 0.0390393
Epoch 20100  loss: 0.0390353
Epoch 20200  loss: 0.0390314
Epoch 20300  loss: 0.0390276
Epoch 20400  loss: 0.0390239
Epoch 20500  loss: 0.0390204
Epoch 20600  loss: 0.0390169
Epoch 20700  loss: 0.0390135
Epoch 20800  loss: 0.0390103
Epoch 20900  loss: 0.0390071
Epoch 21000  loss: 0.039004
Epoch 21100  loss: 0.0390009
Epoch 21200  loss: 0.038998
Epoch 21300  loss: 0.0389952
Epoch 21400  loss: 0.0389924
Epoch 21500  loss: 0.0389897
Epoch 21600  loss: 0.038987
Epoch 21700  loss: 0.0389845
Epoch 21800  loss: 0.038982
Epoch 21900  loss: 0.0389796
Epoch 22000  loss: 0.0389772
Epoch 22100  loss: 0.0389749
Epoch 22200  loss: 0.0389727
Epoch 22300  loss: 0.0389706
Epoch 22400  loss: 0.0389685
Epoch 22500  loss: 0.0389664
Epoch 22600  loss: 0.0389644
Epoch 22700  loss: 0.0389625
Epoch 22800  loss: 0.0389606
Epoch 22900  loss: 0.0389587
Epoch 23000  loss: 0.0389569
Epoch 23100  loss: 0.0389552
Epoch 23200  loss: 0.0389535
Epoch 23300  loss: 0.0389519
Epoch 23400  loss: 0.0389503
Epoch 23500  loss: 0.0389487
Epoch 23600  loss: 0.0389472
Epoch 23700  loss: 0.0389457
Epoch 23800  loss: 0.0389442
Epoch 23900  loss: 0.0389428
Epoch 24000  loss: 0.0389415
Epoch 24100  loss: 0.0389401
Epoch 24200  loss: 0.0389388
Epoch 24300  loss: 0.0389376
Epoch 24400  loss: 0.0389364
Epoch 24500  loss: 0.0389352
Epoch 24600  loss: 0.038934
Epoch 24700  loss: 0.0389329
Epoch 24800  loss: 0.0389318
Epoch 24900  loss: 0.0389307
Epoch 25000  loss: 0.0389296
Epoch 25100  loss: 0.0389286
Epoch 25200  loss: 0.0389276
Epoch 25300  loss: 0.0389267
Epoch 25400  loss: 0.0389257
Epoch 25500  loss: 0.0389248
Epoch 25600  loss: 0.0389239
Epoch 25700  loss: 0.038923
Epoch 25800  loss: 0.0389222
Epoch 25900  loss: 0.0389214
Epoch 26000  loss: 0.0389206
Epoch 26100  loss: 0.0389198
Epoch 26200  loss: 0.038919
Epoch 26300  loss: 0.0389183
Epoch 26400  loss: 0.0389175
Epoch 26500  loss: 0.0389168
Epoch 26600  loss: 0.0389162
Epoch 26700  loss: 0.0389155
Epoch 26800  loss: 0.0389148
Epoch 26900  loss: 0.0389142
Epoch 27000  loss: 0.0389136
Epoch 27100  loss: 0.038913
Epoch 27200  loss: 0.0389124
Epoch 27300  loss: 0.0389118
Epoch 27400  loss: 0.0389113
Epoch 27500  loss: 0.0389107
Epoch 27600  loss: 0.0389102
Epoch 27700  loss: 0.0389097
Epoch 27800  loss: 0.0389092
Epoch 27900  loss: 0.0389087
Epoch 28000  loss: 0.0389082
Epoch 28100  loss: 0.0389077
Epoch 28200  loss: 0.0389073
Epoch 28300  loss: 0.0389068
Epoch 28400  loss: 0.0389064
Epoch 28500  loss: 0.038906
Epoch 28600  loss: 0.0389056
Epoch 28700  loss: 0.0389052
Epoch 28800  loss: 0.0389048
Epoch 28900  loss: 0.0389044
Epoch 29000  loss: 0.038904
Epoch 29100  loss: 0.0389037
Epoch 29200  loss: 0.0389033
Epoch 29300  loss: 0.038903
Epoch 29400  loss: 0.0389027
Epoch 29500  loss: 0.0389023
Epoch 29600  loss: 0.038902
Epoch 29700  loss: 0.0389017
Epoch 29800  loss: 0.0389014
Epoch 29900  loss: 0.0389011
Epoch 30000  loss: 0.0389008
Epoch 30100  loss: 0.0389005
Epoch 30200  loss: 0.0389003
Epoch 30300  loss: 0.0389
Epoch 30400  loss: 0.0388997
Epoch 30500  loss: 0.0388995
Epoch 30600  loss: 0.0388993
Epoch 30700  loss: 0.038899
Epoch 30800  loss: 0.0388988
Epoch 30900  loss: 0.0388986
Epoch 31000  loss: 0.0388983
Epoch 31100  loss: 0.0388981
Epoch 31200  loss: 0.0388979
Epoch 31300  loss: 0.0388977
Epoch 31400  loss: 0.0388975
Epoch 31500  loss: 0.0388973
Epoch 31600  loss: 0.0388971
Epoch 31700  loss: 0.0388969
Epoch 31800  loss: 0.0388967
Epoch 31900  loss: 0.0388966
Epoch 32000  loss: 0.0388964
Epoch 32100  loss: 0.0388962
Epoch 32200  loss: 0.0388961
Epoch 32300  loss: 0.0388959
Epoch 32400  loss: 0.0388958
Epoch 32500  loss: 0.0388956
Epoch 32600  loss: 0.0388955
Epoch 32700  loss: 0.0388953
Epoch 32800  loss: 0.0388952
Epoch 32900  loss: 0.038895
Epoch 33000  loss: 0.0388949
Epoch 33100  loss: 0.0388948
Epoch 33200  loss: 0.0388946
Epoch 33300  loss: 0.0388945
Epoch 33400  loss: 0.0388944
Epoch 33500  loss: 0.0388943
Epoch 33600  loss: 0.0388942
Epoch 33700  loss: 0.0388941
Epoch 33800  loss: 0.0388939
Epoch 33900  loss: 0.0388938
Epoch 34000  loss: 0.0388937
Epoch 34100  loss: 0.0388936
Epoch 34200  loss: 0.0388935
Epoch 34300  loss: 0.0388934
Epoch 34400  loss: 0.0388933
Epoch 34500  loss: 0.0388932
Epoch 34600  loss: 0.0388932
Epoch 34700  loss: 0.0388931
Epoch 34800  loss: 0.038893
Epoch 34900  loss: 0.0388929
Epoch 35000  loss: 0.0388928
Epoch 35100  loss: 0.0388927
Epoch 35200  loss: 0.0388927
Epoch 35300  loss: 0.0388926
Epoch 35400  loss: 0.0388925
Epoch 35500  loss: 0.0388924
Epoch 35600  loss: 0.0388924
Epoch 35700  loss: 0.0388923
Epoch 35800  loss: 0.0388922
Epoch 35900  loss: 0.0388922
Epoch 36000  loss: 0.0388921
Epoch 36100  loss: 0.0388921
Epoch 36200  loss: 0.038892
Epoch 36300  loss: 0.0388919
Epoch 36400  loss: 0.0388919
Epoch 36500  loss: 0.0388918
Epoch 36600  loss: 0.0388918
Epoch 36700  loss: 0.0388917
Epoch 36800  loss: 0.0388917
Epoch 36900  loss: 0.0388916
Epoch 37000  loss: 0.0388916
Epoch 37100  loss: 0.0388915
Epoch 37200  loss: 0.0388915
Epoch 37300  loss: 0.0388914
Epoch 37400  loss: 0.0388914
Epoch 37500  loss: 0.0388913
Epoch 37600  loss: 0.0388913
Epoch 37700  loss: 0.0388913
Epoch 37800  loss: 0.0388912
Epoch 37900  loss: 0.0388912
Epoch 38000  loss: 0.0388911
Epoch 38100  loss: 0.0388911
Epoch 38200  loss: 0.0388911
Epoch 38300  loss: 0.038891
Epoch 38400  loss: 0.038891
Epoch 38500  loss: 0.038891
Epoch 38600  loss: 0.0388909
Epoch 38700  loss: 0.0388909
Epoch 38800  loss: 0.0388909
Epoch 38900  loss: 0.0388908
Epoch 39000  loss: 0.0388908
Epoch 39100  loss: 0.0388908
Epoch 39200  loss: 0.0388907
Epoch 39300  loss: 0.0388907
Epoch 39400  loss: 0.0388907
Epoch 39500  loss: 0.0388907
Epoch 39600  loss: 0.0388906
Epoch 39700  loss: 0.0388906
Epoch 39800  loss: 0.0388906
Epoch 39900  loss: 0.0388906
Epoch 40000  loss: 0.0388905

 Model saved to: alpha_hybrid.nn
======================================================
